<html>
<body>
<pre>
<h1>µVision Build Log</h1>
<h2>Tool Versions:</h2>
IDE-Version: µVision V5.14.0.0
Copyright (C) 2015 ARM Ltd and ARM Germany GmbH. All rights reserved.
License Information: dsad sdsad, sdaas, LIC=YA3WF-69RHP-5TN3W-QR4C8-47UGV-UGR1D
 
Tool Versions:
Toolchain:       MDK-ARM Standard  Version: 5.14.0.0
Middleware:      RL-ARM Real-Time Library Version V4.12
Toolchain Path:  d:\Keil_v5\ARM\ARMCC\Bin
C Compiler:      Armcc.exe V5.05 update 1 (build 106)
Assembler:       Armasm.exe V5.05 update 1 (build 106)
Linker/Locator:  ArmLink.exe V5.05 update 1 (build 106)
Library Manager: ArmAr.exe V5.05 update 1 (build 106)
Hex Converter:   FromElf.exe V5.05 update 1 (build 106)
CPU DLL:         SARMCM3.DLL V5.14.0.0
Dialog DLL:      DARMSTM.DLL V1.65.0.0
Target DLL:      STLink\ST-LINKIII-KEIL_SWO.dll V2.0.14.0_KEIL
Dialog DLL:      TARMSTM.DLL V1.64.0.0
 
<h2>Project:</h2>
E:\project\MrWu\Project\Project\code\Code\PG120\user\PG120.uvprojx
Project File Date:  01/03/2018

<h2>Output:</h2>
Build target 'STM32_USART'
compiling PG120.c...
..\Peripherals\src\PG120.c(273): warning:  #177-D: variable "Dispaly_Max" was declared but never referenced
        uint32_t        Dispaly_Max=0;
..\Peripherals\src\PG120.c(274): warning:  #177-D: variable "Dispaly_Min" was declared but never referenced
        uint32_t        Dispaly_Min=0;
..\Peripherals\src\PG120.c(413): warning:  #177-D: variable "Dispaly_Max" was declared but never referenced
                uint32_t        Dispaly_Max=0;
..\Peripherals\src\PG120.c(414): warning:  #177-D: variable "Dispaly_Min" was declared but never referenced
                uint32_t        Dispaly_Min=0;
..\Peripherals\src\PG120.c(1382): warning:  #188-D: enumerated type mixed with another type
                        OUT1_Mode.DelayMode     = ReadFlash(OUT1_Mode_FLASH_DATA_ADDRESS);
..\Peripherals\src\PG120.c(1387): warning:  #188-D: enumerated type mixed with another type
                        KEY                                                                     = ReadFlash(KEY_FLASH_DATA_ADDRESS);
..\Peripherals\src\PG120.c: 6 warnings, 0 errors
linking...
Program Size: Code=34186 RO-data=366 RW-data=420 ZI-data=3020  
FromELF: creating hex file...
"..\Output\STM32_PG120.axf" - 0 Error(s), 6 Warning(s).

<h2>Collection of Component include folders:</h2>
  E:\project\MrWu\Project\Project\code\Code\PG120\user\RTE
  d:\Keil_v5\ARM\PACK\Keil\STM32F1xx_DFP\2.0.0

<h2>Collection of Component Files used:</h2>
</pre>
</body>
</html>
