Component: ARM Compiler 5.05 update 1 (build 106) Tool: armlink [4d0efa]

==============================================================================

Section Cross References

    system_stm32f10x.o(.text) refers to system_stm32f10x.o(.data) for SystemCoreClock
    startup_stm32f10x_md.o(STACK) refers (Special) to heapauxi.o(.text) for __use_two_region_memory
    startup_stm32f10x_md.o(HEAP) refers (Special) to heapauxi.o(.text) for __use_two_region_memory
    startup_stm32f10x_md.o(RESET) refers (Special) to heapauxi.o(.text) for __use_two_region_memory
    startup_stm32f10x_md.o(RESET) refers to startup_stm32f10x_md.o(STACK) for __initial_sp
    startup_stm32f10x_md.o(RESET) refers to startup_stm32f10x_md.o(.text) for Reset_Handler
    startup_stm32f10x_md.o(RESET) refers to stm32f10x_it.o(.text) for NMI_Handler
    startup_stm32f10x_md.o(RESET) refers to pg120.o(.text) for DMA1_Channel1_IRQHandler
    startup_stm32f10x_md.o(RESET) refers to main.o(.text) for TIM2_IRQHandler
    startup_stm32f10x_md.o(.text) refers (Special) to heapauxi.o(.text) for __use_two_region_memory
    startup_stm32f10x_md.o(.text) refers to system_stm32f10x.o(.text) for SystemInit
    startup_stm32f10x_md.o(.text) refers to __main.o(!!!main) for __main
    startup_stm32f10x_md.o(.text) refers to startup_stm32f10x_md.o(HEAP) for Heap_Mem
    startup_stm32f10x_md.o(.text) refers to startup_stm32f10x_md.o(STACK) for Stack_Mem
    stm32f10x_rcc.o(.text) refers to stm32f10x_rcc.o(.data) for APBAHBPrescTable
    stm32f10x_usart.o(.text) refers to stm32f10x_rcc.o(.text) for RCC_APB2PeriphResetCmd
    stm32f10x_gpio.o(.text) refers to stm32f10x_rcc.o(.text) for RCC_APB2PeriphResetCmd
    stm32f10x_tim.o(.text) refers to stm32f10x_rcc.o(.text) for RCC_APB2PeriphResetCmd
    stm32f10x_adc.o(.text) refers to stm32f10x_rcc.o(.text) for RCC_APB2PeriphResetCmd
    stm32f10x_dac.o(.text) refers to stm32f10x_rcc.o(.text) for RCC_APB1PeriphResetCmd
    stm32f10x_pwr.o(.text) refers to stm32f10x_rcc.o(.text) for RCC_APB1PeriphResetCmd
    usart.o(.text) refers to stm32f10x_rcc.o(.text) for RCC_APB2PeriphClockCmd
    usart.o(.text) refers to stm32f10x_gpio.o(.text) for GPIO_Init
    usart.o(.text) refers to stm32f10x_usart.o(.text) for USART_Init
    usart.o(.text) refers to rt_memclr_w.o(.text) for __aeabi_memclr4
    delay.o(.text) refers to misc.o(.text) for SysTick_CLKSourceConfig
    delay.o(.text) refers to delay.o(.data) for Times_us
    display.o(.text) refers to display.o(.constdata) for data_SMG_seg_table
    display.o(.text) refers to display.o(.bss) for SMG_data_Decode_table
    display.o(.text) refers to pg120.o(.data) for KEY
    display.o(.text) refers to display.o(.data) for Blinkflag
    display.o(.text) refers to stm32f10x_gpio.o(.text) for GPIO_ReadInputDataBit
    key.o(.text) refers to stm32f10x_gpio.o(.text) for GPIO_Init
    key.o(.text) refers to key.o(.bss) for SetButton
    menu.o(.text) refers to display.o(.text) for SMG_DisplayMenuTwo_SHOT
    menu.o(.text) refers to flash.o(.text) for WriteFlash
    menu.o(.text) refers to pg120.o(.data) for EventFlag
    menu.o(.text) refers to menu.o(.data) for OUT1_Mode
    menu.o(.text) refers to key.o(.bss) for UpButton
    menu.o(.text) refers to selfstudy.o(.text) for ATTSet
    flash.o(.text) refers to stm32f10x_flash.o(.text) for FLASH_Unlock
    flash.o(.text) refers to flash.o(.data) for tempflashdata
    selfstudy.o(.text) refers to stm32f10x_gpio.o(.text) for GPIO_ReadInputDataBit
    selfstudy.o(.text) refers to display.o(.text) for SMG_DisplaySET_Step_1_Mode
    selfstudy.o(.text) refers to stm32f10x_tim.o(.text) for TIM_SetCompare2
    selfstudy.o(.text) refers to selfstudy.o(.data) for SelftStudyflag
    selfstudy.o(.text) refers to pg120.o(.data) for DX
    selfstudy.o(.text) refers to key.o(.bss) for SetButton
    main.o(.text) refers to stm32f10x_usart.o(.text) for USART_GetFlagStatus
    main.o(.text) refers to stm32f10x_tim.o(.text) for TIM_GetITStatus
    main.o(.text) refers to stm32f10x_adc.o(.text) for ADC_SoftwareStartConvCmd
    main.o(.text) refers to display.o(.text) for SMG_Diplay
    main.o(.text) refers to key.o(.text) for Key_Scan
    main.o(.text) refers to pg120.o(.text) for GetADCValue
    main.o(.text) refers to bsp_init.o(.text) for RCC_Configuration
    main.o(.text) refers to stm32f10x_pwr.o(.text) for PWR_PVDLevelConfig
    main.o(.text) refers to stm32f10x_rcc.o(.text) for RCC_GetClocksFreq
    main.o(.text) refers to flash.o(.text) for ReadFlash
    main.o(.text) refers to stm32f10x_iwdg.o(.text) for IWDG_WriteAccessCmd
    main.o(.text) refers to main.o(.data) for timenum
    main.o(.text) refers to menu.o(.data) for OUT1_Mode
    main.o(.text) refers to pg120.o(.data) for OUT2
    main.o(.text) refers to main.o(.bss) for SysClock
    pg120.o(.text) refers to display.o(.text) for SMG_DisplayOUT_STATUS
    pg120.o(.text) refers to stm32f10x_gpio.o(.text) for GPIO_WriteBit
[...]
    ../clib/signal.c                         0x00000000   Number         0  defsig_stak_inner.o ABSOLUTE
    ../clib/signal.c                         0x00000000   Number         0  defsig_rtred_inner.o ABSOLUTE
    ../clib/signal.c                         0x00000000   Number         0  defsig_fpe_inner.o ABSOLUTE
    ../clib/signal.s                         0x00000000   Number         0  defsig.o ABSOLUTE
    ../clib/stdlib.c                         0x00000000   Number         0  exit.o ABSOLUTE
    ../fplib/fpinit.s                        0x00000000   Number         0  fpinit.o ABSOLUTE
    ..\Libraries\CMSIS\CM3\CoreSupport\core_cm3.c 0x00000000   Number         0  core_cm3.o ABSOLUTE
    ..\Libraries\CMSIS\CM3\DeviceSupport\ST\STM32F10x\startup\arm\startup_stm32f10x_md.s 0x00000000   Number         0  startup_stm32f10x_md.o ABSOLUTE
    ..\Libraries\CMSIS\CM3\DeviceSupport\ST\STM32F10x\system_stm32f10x.c 0x00000000   Number         0  system_stm32f10x.o ABSOLUTE
    ..\Libraries\STM32F10x_StdPeriph_Driver\src\misc.c 0x00000000   Number         0  misc.o ABSOLUTE
    ..\Libraries\STM32F10x_StdPeriph_Driver\src\stm32f10x_adc.c 0x00000000   Number         0  stm32f10x_adc.o ABSOLUTE
    ..\Libraries\STM32F10x_StdPeriph_Driver\src\stm32f10x_dac.c 0x00000000   Number         0  stm32f10x_dac.o ABSOLUTE
    ..\Libraries\STM32F10x_StdPeriph_Driver\src\stm32f10x_dma.c 0x00000000   Number         0  stm32f10x_dma.o ABSOLUTE
    ..\Libraries\STM32F10x_StdPeriph_Driver\src\stm32f10x_exti.c 0x00000000   Number         0  stm32f10x_exti.o ABSOLUTE
    ..\Libraries\STM32F10x_StdPeriph_Driver\src\stm32f10x_flash.c 0x00000000   Number         0  stm32f10x_flash.o ABSOLUTE
    ..\Libraries\STM32F10x_StdPeriph_Driver\src\stm32f10x_gpio.c 0x00000000   Number         0  stm32f10x_gpio.o ABSOLUTE
    ..\Libraries\STM32F10x_StdPeriph_Driver\src\stm32f10x_iwdg.c 0x00000000   Number         0  stm32f10x_iwdg.o ABSOLUTE
    ..\Libraries\STM32F10x_StdPeriph_Driver\src\stm32f10x_pwr.c 0x00000000   Number         0  stm32f10x_pwr.o ABSOLUTE
    ..\Libraries\STM32F10x_StdPeriph_Driver\src\stm32f10x_rcc.c 0x00000000   Number         0  stm32f10x_rcc.o ABSOLUTE
    ..\Libraries\STM32F10x_StdPeriph_Driver\src\stm32f10x_tim.c 0x00000000   Number         0  stm32f10x_tim.o ABSOLUTE
    ..\Libraries\STM32F10x_StdPeriph_Driver\src\stm32f10x_usart.c 0x00000000   Number         0  stm32f10x_usart.o ABSOLUTE
    ..\Peripherals\src\PG120.c               0x00000000   Number         0  pg120.o ABSOLUTE
    ..\Peripherals\src\SelfStudy.c           0x00000000   Number         0  selfstudy.o ABSOLUTE
    ..\Peripherals\src\delay.c               0x00000000   Number         0  delay.o ABSOLUTE
    ..\Peripherals\src\display.c             0x00000000   Number         0  display.o ABSOLUTE
    ..\Peripherals\src\flash.c               0x00000000   Number         0  flash.o ABSOLUTE
    ..\Peripherals\src\key.c                 0x00000000   Number         0  key.o ABSOLUTE
    ..\Peripherals\src\menu.c                0x00000000   Number         0  menu.o ABSOLUTE
    ..\Peripherals\src\stm32f10x_it.c        0x00000000   Number         0  stm32f10x_it.o ABSOLUTE
    ..\Peripherals\src\usart.c               0x00000000   Number         0  usart.o ABSOLUTE
    ..\\Libraries\\CMSIS\\CM3\\CoreSupport\\core_cm3.c 0x00000000   Number         0  core_cm3.o ABSOLUTE
    BSP_Init.c                               0x00000000   Number         0  bsp_init.o ABSOLUTE
    dc.s                                     0x00000000   Number         0  dc.o ABSOLUTE
    main.c                                   0x00000000   Number         0  main.o ABSOLUTE
    RESET                                    0x08000000   Section      236  startup_stm32f10x_md.o(RESET)
    !!!main                                  0x080000ec   Section        8  __main.o(!!!main)
    !!!scatter                               0x080000f4   Section       52  __scatter.o(!!!scatter)
    !!dczerorl2                              0x08000128   Section       90  __dczerorl2.o(!!dczerorl2)
    !!handler_zi                             0x08000184   Section       28  __scatter_zi.o(!!handler_zi)
    .ARM.Collect$$libinit$$00000000          0x080001a0   Section        2  libinit.o(.ARM.Collect$$libinit$$00000000)
    .ARM.Collect$$libinit$$00000002          0x080001a2   Section        0  libinit2.o(.ARM.Collect$$libinit$$00000002)
    .ARM.Collect$$libinit$$00000004          0x080001a2   Section        0  libinit2.o(.ARM.Collect$$libinit$$00000004)
    .ARM.Collect$$libinit$$0000000A          0x080001a2   Section        0  libinit2.o(.ARM.Collect$$libinit$$0000000A)
    .ARM.Collect$$libinit$$0000000C          0x080001a2   Section        0  libinit2.o(.ARM.Collect$$libinit$$0000000C)
    .ARM.Collect$$libinit$$0000000E          0x080001a2   Section        0  libinit2.o(.ARM.Collect$$libinit$$0000000E)
    .ARM.Collect$$libinit$$00000011          0x080001a2   Section        0  libinit2.o(.ARM.Collect$$libinit$$00000011)
    .ARM.Collect$$libinit$$00000013          0x080001a2   Section        0  libinit2.o(.ARM.Collect$$libinit$$00000013)
    .ARM.Collect$$libinit$$00000015          0x080001a2   Section        0  libinit2.o(.ARM.Collect$$libinit$$00000015)
    .ARM.Collect$$libinit$$00000017          0x080001a2   Section        0  libinit2.o(.ARM.Collect$$libinit$$00000017)
    .ARM.Collect$$libinit$$00000019          0x080001a2   Section        0  libinit2.o(.ARM.Collect$$libinit$$00000019)
    .ARM.Collect$$libinit$$0000001B          0x080001a2   Section        0  libinit2.o(.ARM.Collect$$libinit$$0000001B)
    .ARM.Collect$$libinit$$0000001D          0x080001a2   Section        0  libinit2.o(.ARM.Collect$$libinit$$0000001D)
    .ARM.Collect$$libinit$$0000001F          0x080001a2   Section        0  libinit2.o(.ARM.Collect$$libinit$$0000001F)
    .ARM.Collect$$libinit$$00000021          0x080001a2   Section        0  libinit2.o(.ARM.Collect$$libinit$$00000021)
    .ARM.Collect$$libinit$$00000023          0x080001a2   Section        0  libinit2.o(.ARM.Collect$$libinit$$00000023)
    .ARM.Collect$$libinit$$00000025          0x080001a2   Section        0  libinit2.o(.ARM.Collect$$libinit$$00000025)
    .ARM.Collect$$libinit$$0000002C          0x080001a2   Section        0  libinit2.o(.ARM.Collect$$libinit$$0000002C)
    .ARM.Collect$$libinit$$0000002E          0x080001a2   Section        0  libinit2.o(.ARM.Collect$$libinit$$0000002E)
    .ARM.Collect$$libinit$$00000030          0x080001a2   Section        0  libinit2.o(.ARM.Collect$$libinit$$00000030)
    .ARM.Collect$$libinit$$00000032          0x080001a2   Section        0  libinit2.o(.ARM.Collect$$libinit$$00000032)
    .ARM.Collect$$libinit$$00000033          0x080001a2   Section        2  libinit2.o(.ARM.Collect$$libinit$$00000033)
    .ARM.Collect$$libshutdown$$00000000      0x080001a4   Section        2  libshutdown.o(.ARM.Collect$$libshutdown$$00000000)
    .ARM.Collect$$libshutdown$$00000003      0x080001a6   Section        0  libshutdown2.o(.ARM.Collect$$libshutdown$$00000003)
    .ARM.Collect$$libshutdown$$00000006      0x080001a6   Section        0  libshutdown2.o(.ARM.Collect$$libshutdown$$00000006)
    .ARM.Collect$$libshutdown$$00000009      0x080001a6   Section        0  libshutdown2.o(.ARM.Collect$$libshutdown$$00000009)
    .ARM.Collect$$libshutdown$$0000000B      0x080001a6   Section        0  libshutdown2.o(.ARM.Collect$$libshutdown$$0000000B)
    .ARM.Collect$$libshutdown$$0000000E      0x080001a6   Section        0  libshutdown2.o(.ARM.Collect$$libshutdown$$0000000E)
    .ARM.Collect$$libshutdown$$0000000F      0x080001a6   Section        2  libshutdown2.o(.ARM.Collect$$libshutdown$$0000000F)
    .ARM.Collect$$rtentry$$00000000          0x080001a8   Section        0  __rtentry.o(.ARM.Collect$$rtentry$$00000000)
    .ARM.Collect$$rtentry$$00000002          0x080001a8   Section        0  __rtentry2.o(.ARM.Collect$$rtentry$$00000002)
    .ARM.Collect$$rtentry$$00000004          0x080001a8   Section        6  __rtentry4.o(.ARM.Collect$$rtentry$$00000004)
    .ARM.Collect$$rtentry$$00000009          0x080001ae   Section        0  __rtentry2.o(.ARM.Collect$$rtentry$$00000009)
    .ARM.Collect$$rtentry$$0000000A          0x080001ae   Section        4  __rtentry2.o(.ARM.Collect$$rtentry$$0000000A)
    .ARM.Collect$$rtentry$$0000000C          0x080001b2   Section        0  __rtentry2.o(.ARM.Collect$$rtentry$$0000000C)
    .ARM.Collect$$rtentry$$0000000D          0x080001b2   Section        8  __rtentry2.o(.ARM.Collect$$rtentry$$0000000D)
    .ARM.Collect$$rtexit$$00000000           0x080001ba   Section        2  rtexit.o(.ARM.Collect$$rtexit$$00000000)
    .ARM.Collect$$rtexit$$00000002           0x080001bc   Section        0  rtexit2.o(.ARM.Collect$$rtexit$$00000002)
    .ARM.Collect$$rtexit$$00000003           0x080001bc   Section        4  rtexit2.o(.ARM.Collect$$rtexit$$00000003)
    .ARM.Collect$$rtexit$$00000004           0x080001c0   Section        6  rtexit2.o(.ARM.Collect$$rtexit$$00000004)
    .text                                    0x080001c8   Section        0  system_stm32f10x.o(.text)
    SetSysClockTo72                          0x080001c9   Thumb Code   214  system_stm32f10x.o(.text)
    SetSysClock                              0x0800029f   Thumb Code     8  system_stm32f10x.o(.text)
    .text                                    0x080003a8   Section       64  startup_stm32f10x_md.o(.text)
    .text                                    0x080003e8   Section        0  stm32f10x_rcc.o(.text)
    .text                                    0x0800078c   Section        0  stm32f10x_usart.o(.text)
    .text                                    0x08000b94   Section        0  stm32f10x_gpio.o(.text)
    .text                                    0x08000ef0   Section        0  misc.o(.text)
    .text                                    0x08000fcc   Section        0  stm32f10x_flash.o(.text)
    .text                                    0x08001588   Section        0  stm32f10x_tim.o(.text)
    TI4_Config                               0x08001a2f   Thumb Code   130  stm32f10x_tim.o(.text)
    TI3_Config                               0x08001ac3   Thumb Code   122  stm32f10x_tim.o(.text)
    TI2_Config                               0x08001b57   Thumb Code   130  stm32f10x_tim.o(.text)
    TI1_Config                               0x08001beb   Thumb Code   108  stm32f10x_tim.o(.text)
    .text                                    0x080023a4   Section        0  stm32f10x_adc.o(.text)
    .text                                    0x080027f4   Section        0  stm32f10x_dma.o(.text)
    .text                                    0x08002a48   Section        0  stm32f10x_iwdg.o(.text)
    .text                                    0x08002a88   Section        0  stm32f10x_pwr.o(.text)
    .text                                    0x08002b54   Section        0  stm32f10x_it.o(.text)
    .text                                    0x08002b74   Section        0  display.o(.text)
    .text                                    0x080046bc   Section        0  key.o(.text)
    .text                                    0x080049d4   Section        0  menu.o(.text)
    .text                                    0x08006058   Section        0  flash.o(.text)
    .text                                    0x08006198   Section        0  selfstudy.o(.text)
    .text                                    0x08006344   Section        0  main.o(.text)
    .text                                    0x08006758   Section        0  pg120.o(.text)
    .text                                    0x080083e0   Section        0  bsp_init.o(.text)
    .text                                    0x08008bc8   Section        0  heapauxi.o(.text)
    .text                                    0x08008bce   Section       74  sys_stackheap_outer.o(.text)
    .text                                    0x08008c18   Section        0  exit.o(.text)
    .text                                    0x08008c24   Section        8  libspace.o(.text)
    .text                                    0x08008c2c   Section        0  sys_exit.o(.text)
    .text                                    0x08008c38   Section        2  use_no_semi.o(.text)
    .constdata                               0x08008c3a   Section       98  display.o(.constdata)
    .text                                    0x08008c3a   Section        0  indicate_semi.o(.text)
    .data                                    0x20000000   Section       20  system_stm32f10x.o(.data)
    .data                                    0x20000014   Section       20  stm32f10x_rcc.o(.data)
    APBAHBPrescTable                         0x20000014   Data          16  stm32f10x_rcc.o(.data)
    ADCPrescTable                            0x20000024   Data           4  stm32f10x_rcc.o(.data)
    .data                                    0x20000028   Section       27  display.o(.data)
    Blinkflag                                0x20000038   Data           1  display.o(.data)
    Blinkflag                                0x20000039   Data           1  display.o(.data)
    Blinkflag                                0x2000003a   Data           1  display.o(.data)
    Blinkflag                                0x2000003b   Data           1  display.o(.data)
    Blinkflag                                0x2000003c   Data           1  display.o(.data)
    Blinkflag                                0x2000003d   Data           1  display.o(.data)
    Blinkflag                                0x2000003e   Data           1  display.o(.data)
    Blinkflag                                0x2000003f   Data           1  display.o(.data)
    Blinkflag                                0x20000040   Data           1  display.o(.data)
    bilinkflag                               0x20000041   Data           1  display.o(.data)
    bilinkflag                               0x20000042   Data           1  display.o(.data)
    .data                                    0x20000044   Section       31  menu.o(.data)
    lastCounter                              0x20000059   Data           1  menu.o(.data)
    lastCounter                              0x2000005a   Data           1  menu.o(.data)
    lastCounter                              0x2000005b   Data           1  menu.o(.data)
    lastCounter                              0x2000005c   Data           1  menu.o(.data)
    lastCounter                              0x2000005d   Data           1  menu.o(.data)
    lastCounter                              0x2000005e   Data           1  menu.o(.data)
    lastCounter                              0x2000005f   Data           1  menu.o(.data)
    lastCounter                              0x20000060   Data           1  menu.o(.data)
    lastCounter                              0x20000061   Data           1  menu.o(.data)
    lastCounter                              0x20000062   Data           1  menu.o(.data)
    .data                                    0x20000064   Section       92  flash.o(.data)
    .data                                    0x200000c0   Section        8  selfstudy.o(.data)
    .data                                    0x200000c8   Section       38  main.o(.data)
    .data                                    0x200000f0   Section      172  pg120.o(.data)
    lastCounter                              0x20000190   Data           1  pg120.o(.data)
    LastThreshold                            0x20000192   Data           2  pg120.o(.data)
    lastCounter                              0x20000194   Data           1  pg120.o(.data)
    LastHIValue                              0x20000196   Data           2  pg120.o(.data)
    LastLOValue                              0x20000198   Data           2  pg120.o(.data)
    lastCounter                              0x2000019a   Data           1  pg120.o(.data)
    lastCounter                              0x2000019b   Data           1  pg120.o(.data)
    .data                                    0x2000019c   Section        8  bsp_init.o(.data)
    .bss                                     0x200001a4   Section        9  display.o(.bss)
    .bss                                     0x200001b0   Section      128  key.o(.bss)
    .bss                                     0x20000230   Section       32  main.o(.bss)
    .bss                                     0x20000250   Section     1416  pg120.o(.bss)
    .bss                                     0x200007d8   Section       96  libspace.o(.bss)
    HEAP                                     0x20000838   Section      512  startup_stm32f10x_md.o(HEAP)
    Heap_Mem                                 0x20000838   Data         512  startup_stm32f10x_md.o(HEAP)
    STACK                                    0x20000a38   Section     1024  startup_stm32f10x_md.o(STACK)
    Stack_Mem                                0x20000a38   Data        1024  startup_stm32f10x_md.o(STACK)
    __initial_sp                             0x20000e38   Data           0  startup_stm32f10x_md.o(STACK)

    Global Symbols

    Symbol Name                              Value     Ov Type        Size  Object(Section)

    BuildAttributes$$THM_ISAv4$P$D$K$B$S$PE$A:L22UL41UL21$X:L11$S22US41US21$IEEE1$IW$USESV6$~STKCKD$USESV7$~SHL$OSPACE$ROPI$EBA8$UX$STANDARDLIB$REQ8$PRES8$EABIv2 0x00000000   Number         0  anon$$obj.o ABSOLUTE
    __ARM_use_no_argv                        0x00000000   Number         0  main.o ABSOLUTE
    __ARM_exceptions_init                     - Undefined Weak Reference
    __alloca_initialize                       - Undefined Weak Reference
    __arm_preinit_                            - Undefined Weak Reference
    __cpp_initialize__aeabi_                  - Undefined Weak Reference
    __cxa_finalize                            - Undefined Weak Reference
    __rt_locale                               - Undefined Weak Reference
    __sigvec_lookup                           - Undefined Weak Reference
    _atexit_init                              - Undefined Weak Reference
    _call_atexit_fns                          - Undefined Weak Reference
    _clock_init                               - Undefined Weak Reference
    _fp_trap_init                             - Undefined Weak Reference
    _fp_trap_shutdown                         - Undefined Weak Reference
    _get_lc_collate                           - Undefined Weak Reference
    _get_lc_ctype                             - Undefined Weak Reference
    _get_lc_monetary                          - Undefined Weak Reference
    _get_lc_numeric                           - Undefined Weak Reference
    _get_lc_time                              - Undefined Weak Reference
    _getenv_init                              - Undefined Weak Reference
    _handle_redirection                       - Undefined Weak Reference
    _init_alloc                               - Undefined Weak Reference
    _init_user_alloc                          - Undefined Weak Reference
    _initio                                   - Undefined Weak Reference
    _rand_init                                - Undefined Weak Reference
    _signal_finish                            - Undefined Weak Reference
    _signal_init                              - Undefined Weak Reference
    _terminate_alloc                          - Undefined Weak Reference
    _terminate_user_alloc                     - Undefined Weak Reference
    _terminateio                              - Undefined Weak Reference
    __Vectors_Size                           0x000000ec   Number         0  startup_stm32f10x_md.o ABSOLUTE
    __Vectors                                0x08000000   Data           4  startup_stm32f10x_md.o(RESET)
    __Vectors_End                            0x080000ec   Data           0  startup_stm32f10x_md.o(RESET)
    __main                                   0x080000ed   Thumb Code     8  __main.o(!!!main)
    __scatterload                            0x080000f5   Thumb Code     0  __scatter.o(!!!scatter)
    __scatterload_rt2                        0x080000f5   Thumb Code    44  __scatter.o(!!!scatter)
    __scatterload_rt2_thumb_only             0x080000f5   Thumb Code     0  __scatter.o(!!!scatter)
    __scatterload_null                       0x08000103   Thumb Code     0  __scatter.o(!!!scatter)
    __decompress                             0x08000129   Thumb Code    90  __dczerorl2.o(!!dczerorl2)
    __decompress1                            0x08000129   Thumb Code     0  __dczerorl2.o(!!dczerorl2)
    __scatterload_zeroinit                   0x08000185   Thumb Code    28  __scatter_zi.o(!!handler_zi)
    __rt_lib_init                            0x080001a1   Thumb Code     0  libinit.o(.ARM.Collect$$libinit$$00000000)
    __rt_lib_init_alloca_1                   0x080001a3   Thumb Code     0  libinit2.o(.ARM.Collect$$libinit$$0000002E)
    __rt_lib_init_argv_1                     0x080001a3   Thumb Code     0  libinit2.o(.ARM.Collect$$libinit$$0000002C)
    __rt_lib_init_atexit_1                   0x080001a3   Thumb Code     0  libinit2.o(.ARM.Collect$$libinit$$0000001B)
    __rt_lib_init_clock_1                    0x080001a3   Thumb Code     0  libinit2.o(.ARM.Collect$$libinit$$00000021)
    __rt_lib_init_cpp_1                      0x080001a3   Thumb Code     0  libinit2.o(.ARM.Collect$$libinit$$00000032)
    __rt_lib_init_exceptions_1               0x080001a3   Thumb Code     0  libinit2.o(.ARM.Collect$$libinit$$00000030)
    __rt_lib_init_fp_1                       0x080001a3   Thumb Code     0  libinit2.o(.ARM.Collect$$libinit$$00000002)
    __rt_lib_init_fp_trap_1                  0x080001a3   Thumb Code     0  libinit2.o(.ARM.Collect$$libinit$$0000001F)
    __rt_lib_init_getenv_1                   0x080001a3   Thumb Code     0  libinit2.o(.ARM.Collect$$libinit$$00000023)
    __rt_lib_init_heap_1                     0x080001a3   Thumb Code     0  libinit2.o(.ARM.Collect$$libinit$$0000000A)
    __rt_lib_init_lc_collate_1               0x080001a3   Thumb Code     0  libinit2.o(.ARM.Collect$$libinit$$00000011)
    __rt_lib_init_lc_ctype_1                 0x080001a3   Thumb Code     0  libinit2.o(.ARM.Collect$$libinit$$00000013)
    __rt_lib_init_lc_monetary_1              0x080001a3   Thumb Code     0  libinit2.o(.ARM.Collect$$libinit$$00000015)
    __rt_lib_init_lc_numeric_1               0x080001a3   Thumb Code     0  libinit2.o(.ARM.Collect$$libinit$$00000017)
    __rt_lib_init_lc_time_1                  0x080001a3   Thumb Code     0  libinit2.o(.ARM.Collect$$libinit$$00000019)
    __rt_lib_init_preinit_1                  0x080001a3   Thumb Code     0  libinit2.o(.ARM.Collect$$libinit$$00000004)
    __rt_lib_init_rand_1                     0x080001a3   Thumb Code     0  libinit2.o(.ARM.Collect$$libinit$$0000000E)
    __rt_lib_init_return                     0x080001a3   Thumb Code     0  libinit2.o(.ARM.Collect$$libinit$$00000033)
    __rt_lib_init_signal_1                   0x080001a3   Thumb Code     0  libinit2.o(.ARM.Collect$$libinit$$0000001D)
    __rt_lib_init_stdio_1                    0x080001a3   Thumb Code     0  libinit2.o(.ARM.Collect$$libinit$$00000025)
    __rt_lib_init_user_alloc_1               0x080001a3   Thumb Code     0  libinit2.o(.ARM.Collect$$libinit$$0000000C)
    __rt_lib_shutdown                        0x080001a5   Thumb Code     0  libshutdown.o(.ARM.Collect$$libshutdown$$00000000)
    __rt_lib_shutdown_fp_trap_1              0x080001a7   Thumb Code     0  libshutdown2.o(.ARM.Collect$$libshutdown$$00000006)
    __rt_lib_shutdown_heap_1                 0x080001a7   Thumb Code     0  libshutdown2.o(.ARM.Collect$$libshutdown$$0000000E)
    __rt_lib_shutdown_return                 0x080001a7   Thumb Code     0  libshutdown2.o(.ARM.Collect$$libshutdown$$0000000F)
    __rt_lib_shutdown_signal_1               0x080001a7   Thumb Code     0  libshutdown2.o(.ARM.Collect$$libshutdown$$00000009)
    __rt_lib_shutdown_stdio_1                0x080001a7   Thumb Code     0  libshutdown2.o(.ARM.Collect$$libshutdown$$00000003)
    __rt_lib_shutdown_user_alloc_1           0x080001a7   Thumb Code     0  libshutdown2.o(.ARM.Collect$$libshutdown$$0000000B)
    __rt_entry                               0x080001a9   Thumb Code     0  __rtentry.o(.ARM.Collect$$rtentry$$00000000)
    __rt_entry_presh_1                       0x080001a9   Thumb Code     0  __rtentry2.o(.ARM.Collect$$rtentry$$00000002)
    __rt_entry_sh                            0x080001a9   Thumb Code     0  __rtentry4.o(.ARM.Collect$$rtentry$$00000004)
    __rt_entry_li                            0x080001af   Thumb Code     0  __rtentry2.o(.ARM.Collect$$rtentry$$0000000A)
    __rt_entry_postsh_1                      0x080001af   Thumb Code     0  __rtentry2.o(.ARM.Collect$$rtentry$$00000009)
    __rt_entry_main                          0x080001b3   Thumb Code     0  __rtentry2.o(.ARM.Collect$$rtentry$$0000000D)
    __rt_entry_postli_1                      0x080001b3   Thumb Code     0  __rtentry2.o(.ARM.Collect$$rtentry$$0000000C)
    __rt_exit                                0x080001bb   Thumb Code     0  rtexit.o(.ARM.Collect$$rtexit$$00000000)
    __rt_exit_ls                             0x080001bd   Thumb Code     0  rtexit2.o(.ARM.Collect$$rtexit$$00000003)
    __rt_exit_prels_1                        0x080001bd   Thumb Code     0  rtexit2.o(.ARM.Collect$$rtexit$$00000002)
    __rt_exit_exit                           0x080001c1   Thumb Code     0  rtexit2.o(.ARM.Collect$$rtexit$$00000004)
    SystemInit                               0x080002a7   Thumb Code    78  system_stm32f10x.o(.text)
    SystemCoreClockUpdate                    0x080002f5   Thumb Code   142  system_stm32f10x.o(.text)
    Reset_Handler                            0x080003a9   Thumb Code     8  startup_stm32f10x_md.o(.text)
    ADC1_2_IRQHandler                        0x080003c3   Thumb Code     0  startup_stm32f10x_md.o(.text)
    CAN1_RX1_IRQHandler                      0x080003c3   Thumb Code     0  startup_stm32f10x_md.o(.text)
    CAN1_SCE_IRQHandler                      0x080003c3   Thumb Code     0  startup_stm32f10x_md.o(.text)
    DMA1_Channel2_IRQHandler                 0x080003c3   Thumb Code     0  startup_stm32f10x_md.o(.text)
    DMA1_Channel3_IRQHandler                 0x080003c3   Thumb Code     0  startup_stm32f10x_md.o(.text)
    DMA1_Channel4_IRQHandler                 0x080003c3   Thumb Code     0  startup_stm32f10x_md.o(.text)
    DMA1_Channel5_IRQHandler                 0x080003c3   Thumb Code     0  startup_stm32f10x_md.o(.text)
    DMA1_Channel6_IRQHandler                 0x080003c3   Thumb Code     0  startup_stm32f10x_md.o(.text)
    DMA1_Channel7_IRQHandler                 0x080003c3   Thumb Code     0  startup_stm32f10x_md.o(.text)
    EXTI0_IRQHandler                         0x080003c3   Thumb Code     0  startup_stm32f10x_md.o(.text)
    EXTI15_10_IRQHandler                     0x080003c3   Thumb Code     0  startup_stm32f10x_md.o(.text)
    EXTI1_IRQHandler                         0x080003c3   Thumb Code     0  startup_stm32f10x_md.o(.text)
    EXTI2_IRQHandler                         0x080003c3   Thumb Code     0  startup_stm32f10x_md.o(.text)
    EXTI3_IRQHandler                         0x080003c3   Thumb Code     0  startup_stm32f10x_md.o(.text)
    EXTI4_IRQHandler                         0x080003c3   Thumb Code     0  startup_stm32f10x_md.o(.text)
    FLASH_IRQHandler                         0x080003c3   Thumb Code     0  startup_stm32f10x_md.o(.text)
    I2C1_ER_IRQHandler                       0x080003c3   Thumb Code     0  startup_stm32f10x_md.o(.text)
    I2C1_EV_IRQHandler                       0x080003c3   Thumb Code     0  startup_stm32f10x_md.o(.text)
    I2C2_ER_IRQHandler                       0x080003c3   Thumb Code     0  startup_stm32f10x_md.o(.text)
    I2C2_EV_IRQHandler                       0x080003c3   Thumb Code     0  startup_stm32f10x_md.o(.text)
    PVD_IRQHandler                           0x080003c3   Thumb Code     0  startup_stm32f10x_md.o(.text)
    RCC_IRQHandler                           0x080003c3   Thumb Code     0  startup_stm32f10x_md.o(.text)
    RTCAlarm_IRQHandler                      0x080003c3   Thumb Code     0  startup_stm32f10x_md.o(.text)
    RTC_IRQHandler                           0x080003c3   Thumb Code     0  startup_stm32f10x_md.o(.text)
    SPI1_IRQHandler                          0x080003c3   Thumb Code     0  startup_stm32f10x_md.o(.text)
    SPI2_IRQHandler                          0x080003c3   Thumb Code     0  startup_stm32f10x_md.o(.text)
    TAMPER_IRQHandler                        0x080003c3   Thumb Code     0  startup_stm32f10x_md.o(.text)
    TIM1_BRK_IRQHandler                      0x080003c3   Thumb Code     0  startup_stm32f10x_md.o(.text)
    TIM1_CC_IRQHandler                       0x080003c3   Thumb Code     0  startup_stm32f10x_md.o(.text)
    TIM1_TRG_COM_IRQHandler                  0x080003c3   Thumb Code     0  startup_stm32f10x_md.o(.text)
    TIM1_UP_IRQHandler                       0x080003c3   Thumb Code     0  startup_stm32f10x_md.o(.text)
    USART2_IRQHandler                        0x080003c3   Thumb Code     0  startup_stm32f10x_md.o(.text)
    USART3_IRQHandler                        0x080003c3   Thumb Code     0  startup_stm32f10x_md.o(.text)
    USBWakeUp_IRQHandler                     0x080003c3   Thumb Code     0  startup_stm32f10x_md.o(.text)
    USB_HP_CAN1_TX_IRQHandler                0x080003c3   Thumb Code     0  startup_stm32f10x_md.o(.text)
    USB_LP_CAN1_RX0_IRQHandler               0x080003c3   Thumb Code     0  startup_stm32f10x_md.o(.text)
    WWDG_IRQHandler                          0x080003c3   Thumb Code     0  startup_stm32f10x_md.o(.text)
    __user_initial_stackheap                 0x080003c5   Thumb Code     0  startup_stm32f10x_md.o(.text)
    RCC_DeInit                               0x080003e9   Thumb Code    64  stm32f10x_rcc.o(.text)
    RCC_HSEConfig                            0x08000429   Thumb Code    70  stm32f10x_rcc.o(.text)
    RCC_GetFlagStatus                        0x0800046f   Thumb Code    56  stm32f10x_rcc.o(.text)
    RCC_WaitForHSEStartUp                    0x080004a7   Thumb Code    56  stm32f10x_rcc.o(.text)
    RCC_AdjustHSICalibrationValue            0x080004df   Thumb Code    20  stm32f10x_rcc.o(.text)
    RCC_HSICmd                               0x080004f3   Thumb Code     6  stm32f10x_rcc.o(.text)
    RCC_PLLConfig                            0x080004f9   Thumb Code    24  stm32f10x_rcc.o(.text)
    RCC_PLLCmd                               0x08000511   Thumb Code     6  stm32f10x_rcc.o(.text)
    RCC_SYSCLKConfig                         0x08000517   Thumb Code    18  stm32f10x_rcc.o(.text)
    RCC_GetSYSCLKSource                      0x08000529   Thumb Code    10  stm32f10x_rcc.o(.text)
    RCC_HCLKConfig                           0x08000533   Thumb Code    18  stm32f10x_rcc.o(.text)
    RCC_PCLK1Config                          0x08000545   Thumb Code    18  stm32f10x_rcc.o(.text)
    RCC_PCLK2Config                          0x08000557   Thumb Code    20  stm32f10x_rcc.o(.text)
    RCC_ITConfig                             0x0800056b   Thumb Code    26  stm32f10x_rcc.o(.text)
    RCC_USBCLKConfig                         0x08000585   Thumb Code     8  stm32f10x_rcc.o(.text)
    RCC_ADCCLKConfig                         0x0800058d   Thumb Code    18  stm32f10x_rcc.o(.text)
    RCC_LSEConfig                            0x0800059f   Thumb Code    50  stm32f10x_rcc.o(.text)
    RCC_LSICmd                               0x080005d1   Thumb Code     6  stm32f10x_rcc.o(.text)
    RCC_RTCCLKConfig                         0x080005d7   Thumb Code    12  stm32f10x_rcc.o(.text)
    RCC_RTCCLKCmd                            0x080005e3   Thumb Code     8  stm32f10x_rcc.o(.text)
    RCC_GetClocksFreq                        0x080005eb   Thumb Code   192  stm32f10x_rcc.o(.text)
    RCC_AHBPeriphClockCmd                    0x080006ab   Thumb Code    26  stm32f10x_rcc.o(.text)
    RCC_APB2PeriphClockCmd                   0x080006c5   Thumb Code    26  stm32f10x_rcc.o(.text)
    RCC_APB1PeriphClockCmd                   0x080006df   Thumb Code    26  stm32f10x_rcc.o(.text)
    RCC_APB2PeriphResetCmd                   0x080006f9   Thumb Code    26  stm32f10x_rcc.o(.text)
    RCC_APB1PeriphResetCmd                   0x08000713   Thumb Code    26  stm32f10x_rcc.o(.text)
    RCC_BackupResetCmd                       0x0800072d   Thumb Code     8  stm32f10x_rcc.o(.text)
    RCC_ClockSecuritySystemCmd               0x08000735   Thumb Code     6  stm32f10x_rcc.o(.text)
    RCC_MCOConfig                            0x0800073b   Thumb Code     6  stm32f10x_rcc.o(.text)
    RCC_ClearFlag                            0x08000741   Thumb Code    14  stm32f10x_rcc.o(.text)
    RCC_GetITStatus                          0x0800074f   Thumb Code    20  stm32f10x_rcc.o(.text)
    RCC_ClearITPendingBit                    0x08000763   Thumb Code     6  stm32f10x_rcc.o(.text)
    USART_DeInit                             0x0800078d   Thumb Code   134  stm32f10x_usart.o(.text)
    USART_Init                               0x08000813   Thumb Code   210  stm32f10x_usart.o(.text)
    USART_StructInit                         0x080008e5   Thumb Code    24  stm32f10x_usart.o(.text)
    USART_ClockInit                          0x080008fd   Thumb Code    34  stm32f10x_usart.o(.text)
    USART_ClockStructInit                    0x0800091f   Thumb Code    12  stm32f10x_usart.o(.text)
    USART_Cmd                                0x0800092b   Thumb Code    24  stm32f10x_usart.o(.text)
    USART_ITConfig                           0x08000943   Thumb Code    74  stm32f10x_usart.o(.text)
    USART_DMACmd                             0x0800098d   Thumb Code    18  stm32f10x_usart.o(.text)
    USART_SetAddress                         0x0800099f   Thumb Code    18  stm32f10x_usart.o(.text)
    USART_WakeUpConfig                       0x080009b1   Thumb Code    18  stm32f10x_usart.o(.text)
    USART_ReceiverWakeUpCmd                  0x080009c3   Thumb Code    24  stm32f10x_usart.o(.text)
    USART_LINBreakDetectLengthConfig         0x080009db   Thumb Code    18  stm32f10x_usart.o(.text)
    USART_LINCmd                             0x080009ed   Thumb Code    24  stm32f10x_usart.o(.text)
    USART_SendData                           0x08000a05   Thumb Code     8  stm32f10x_usart.o(.text)
    USART_ReceiveData                        0x08000a0d   Thumb Code    10  stm32f10x_usart.o(.text)
    USART_SendBreak                          0x08000a17   Thumb Code    10  stm32f10x_usart.o(.text)
    USART_SetGuardTime                       0x08000a21   Thumb Code    16  stm32f10x_usart.o(.text)
    USART_SetPrescaler                       0x08000a31   Thumb Code    16  stm32f10x_usart.o(.text)
    USART_SmartCardCmd                       0x08000a41   Thumb Code    24  stm32f10x_usart.o(.text)
    USART_SmartCardNACKCmd                   0x08000a59   Thumb Code    24  stm32f10x_usart.o(.text)
    USART_HalfDuplexCmd                      0x08000a71   Thumb Code    24  stm32f10x_usart.o(.text)
    USART_OverSampling8Cmd                   0x08000a89   Thumb Code    22  stm32f10x_usart.o(.text)
    USART_OneBitMethodCmd                    0x08000a9f   Thumb Code    24  stm32f10x_usart.o(.text)
    USART_IrDAConfig                         0x08000ab7   Thumb Code    18  stm32f10x_usart.o(.text)
    USART_IrDACmd                            0x08000ac9   Thumb Code    24  stm32f10x_usart.o(.text)
    USART_GetFlagStatus                      0x08000ae1   Thumb Code    26  stm32f10x_usart.o(.text)
    USART_ClearFlag                          0x08000afb   Thumb Code    18  stm32f10x_usart.o(.text)
    USART_GetITStatus                        0x08000b0d   Thumb Code    84  stm32f10x_usart.o(.text)
    USART_ClearITPendingBit                  0x08000b61   Thumb Code    52  stm32f10x_usart.o(.text)
    GPIO_DeInit                              0x08000b95   Thumb Code   172  stm32f10x_gpio.o(.text)
    GPIO_AFIODeInit                          0x08000c41   Thumb Code    20  stm32f10x_gpio.o(.text)
    GPIO_Init                                0x08000c55   Thumb Code   278  stm32f10x_gpio.o(.text)
    GPIO_StructInit                          0x08000d6b   Thumb Code    16  stm32f10x_gpio.o(.text)
    GPIO_ReadInputDataBit                    0x08000d7b   Thumb Code    18  stm32f10x_gpio.o(.text)
    GPIO_ReadInputData                       0x08000d8d   Thumb Code     8  stm32f10x_gpio.o(.text)
    GPIO_ReadOutputDataBit                   0x08000d95   Thumb Code    18  stm32f10x_gpio.o(.text)
    GPIO_ReadOutputData                      0x08000da7   Thumb Code     8  stm32f10x_gpio.o(.text)
    GPIO_SetBits                             0x08000daf   Thumb Code     4  stm32f10x_gpio.o(.text)
    GPIO_ResetBits                           0x08000db3   Thumb Code     4  stm32f10x_gpio.o(.text)
    GPIO_WriteBit                            0x08000db7   Thumb Code    10  stm32f10x_gpio.o(.text)
    GPIO_Write                               0x08000dc1   Thumb Code     4  stm32f10x_gpio.o(.text)
    GPIO_PinLockConfig                       0x08000dc5   Thumb Code    18  stm32f10x_gpio.o(.text)
    GPIO_EventOutputConfig                   0x08000dd7   Thumb Code    26  stm32f10x_gpio.o(.text)
    GPIO_EventOutputCmd                      0x08000df1   Thumb Code     6  stm32f10x_gpio.o(.text)
    GPIO_PinRemapConfig                      0x08000df7   Thumb Code   138  stm32f10x_gpio.o(.text)
    GPIO_EXTILineConfig                      0x08000e81   Thumb Code    66  stm32f10x_gpio.o(.text)
    GPIO_ETH_MediaInterfaceConfig            0x08000ec3   Thumb Code     8  stm32f10x_gpio.o(.text)
    NVIC_PriorityGroupConfig                 0x08000ef1   Thumb Code    10  misc.o(.text)
    NVIC_Init                                0x08000efb   Thumb Code   100  misc.o(.text)
    NVIC_SetVectorTable                      0x08000f5f   Thumb Code    14  misc.o(.text)
    NVIC_SystemLPConfig                      0x08000f6d   Thumb Code    34  misc.o(.text)
    SysTick_CLKSourceConfig                  0x08000f8f   Thumb Code    40  misc.o(.text)
    FLASH_SetLatency                         0x08000fcd   Thumb Code    18  stm32f10x_flash.o(.text)
    FLASH_HalfCycleAccessCmd                 0x08000fdf   Thumb Code    22  stm32f10x_flash.o(.text)
    FLASH_PrefetchBufferCmd                  0x08000ff5   Thumb Code    22  stm32f10x_flash.o(.text)
    FLASH_Unlock                             0x0800100b   Thumb Code    12  stm32f10x_flash.o(.text)
    FLASH_UnlockBank1                        0x08001017   Thumb Code    12  stm32f10x_flash.o(.text)
    FLASH_Lock                               0x08001023   Thumb Code    14  stm32f10x_flash.o(.text)
    FLASH_LockBank1                          0x08001031   Thumb Code    14  stm32f10x_flash.o(.text)
    FLASH_GetBank1Status                     0x0800103f   Thumb Code    48  stm32f10x_flash.o(.text)
    FLASH_WaitForLastOperation               0x0800106f   Thumb Code    38  stm32f10x_flash.o(.text)
    FLASH_ErasePage                          0x08001095   Thumb Code    72  stm32f10x_flash.o(.text)
    FLASH_EraseAllPages                      0x080010dd   Thumb Code    68  stm32f10x_flash.o(.text)
    FLASH_WaitForLastBank1Operation          0x08001121   Thumb Code    38  stm32f10x_flash.o(.text)
    FLASH_EraseAllBank1Pages                 0x08001147   Thumb Code    68  stm32f10x_flash.o(.text)
    FLASH_GetReadOutProtectionStatus         0x0800118b   Thumb Code    20  stm32f10x_flash.o(.text)
    FLASH_EraseOptionBytes                   0x0800119f   Thumb Code   150  stm32f10x_flash.o(.text)
    FLASH_ProgramWord                        0x08001235   Thumb Code   102  stm32f10x_flash.o(.text)
    FLASH_ProgramHalfWord                    0x0800129b   Thumb Code    60  stm32f10x_flash.o(.text)
    FLASH_ProgramOptionByteData              0x080012d7   Thumb Code    72  stm32f10x_flash.o(.text)
    FLASH_EnableWriteProtection              0x0800131f   Thumb Code   200  stm32f10x_flash.o(.text)
    FLASH_ReadOutProtection                  0x080013e7   Thumb Code   156  stm32f10x_flash.o(.text)
    FLASH_UserOptionByteConfig               0x08001483   Thumb Code    88  stm32f10x_flash.o(.text)
    FLASH_GetUserOptionByte                  0x080014db   Thumb Code     8  stm32f10x_flash.o(.text)
    FLASH_GetWriteProtectionOptionByte       0x080014e3   Thumb Code     6  stm32f10x_flash.o(.text)
    FLASH_GetPrefetchBufferStatus            0x080014e9   Thumb Code    20  stm32f10x_flash.o(.text)
    FLASH_ITConfig                           0x080014fd   Thumb Code    26  stm32f10x_flash.o(.text)
    FLASH_GetFlagStatus                      0x08001517   Thumb Code    42  stm32f10x_flash.o(.text)
    FLASH_ClearFlag                          0x08001541   Thumb Code     6  stm32f10x_flash.o(.text)
    FLASH_GetStatus                          0x08001547   Thumb Code    48  stm32f10x_flash.o(.text)
    TIM_DeInit                               0x08001589   Thumb Code   424  stm32f10x_tim.o(.text)
    TIM_TimeBaseInit                         0x08001731   Thumb Code   122  stm32f10x_tim.o(.text)
    TIM_OC1Init                              0x080017ab   Thumb Code   132  stm32f10x_tim.o(.text)
    TIM_OC2Init                              0x0800182f   Thumb Code   154  stm32f10x_tim.o(.text)
    TIM_OC3Init                              0x080018c9   Thumb Code   150  stm32f10x_tim.o(.text)
    TIM_OC4Init                              0x0800195f   Thumb Code   182  stm32f10x_tim.o(.text)
    TIM_SetIC4Prescaler                      0x08001a15   Thumb Code    26  stm32f10x_tim.o(.text)
    TIM_SetIC3Prescaler                      0x08001ab1   Thumb Code    18  stm32f10x_tim.o(.text)
    TIM_SetIC2Prescaler                      0x08001b3d   Thumb Code    26  stm32f10x_tim.o(.text)
    TIM_SetIC1Prescaler                      0x08001bd9   Thumb Code    18  stm32f10x_tim.o(.text)
    TIM_ICInit                               0x08001c57   Thumb Code   150  stm32f10x_tim.o(.text)
    TIM_PWMIConfig                           0x08001ced   Thumb Code   124  stm32f10x_tim.o(.text)
    TIM_BDTRConfig                           0x08001d69   Thumb Code    32  stm32f10x_tim.o(.text)
    TIM_TimeBaseStructInit                   0x08001d89   Thumb Code    18  stm32f10x_tim.o(.text)
    TIM_OCStructInit                         0x08001d9b   Thumb Code    20  stm32f10x_tim.o(.text)
    TIM_ICStructInit                         0x08001daf   Thumb Code    18  stm32f10x_tim.o(.text)
    TIM_BDTRStructInit                       0x08001dc1   Thumb Code    40  stm32f10x_tim.o(.text)
    TIM_Cmd                                  0x08001de9   Thumb Code    24  stm32f10x_tim.o(.text)
    TIM_CtrlPWMOutputs                       0x08001e01   Thumb Code    30  stm32f10x_tim.o(.text)
    TIM_ITConfig                             0x08001e1f   Thumb Code    18  stm32f10x_tim.o(.text)
    TIM_GenerateEvent                        0x08001e31   Thumb Code     4  stm32f10x_tim.o(.text)
    TIM_DMAConfig                            0x08001e35   Thumb Code    10  stm32f10x_tim.o(.text)
    TIM_DMACmd                               0x08001e3f   Thumb Code    18  stm32f10x_tim.o(.text)
    TIM_InternalClockConfig                  0x08001e51   Thumb Code    12  stm32f10x_tim.o(.text)
    TIM_SelectInputTrigger                   0x08001e5d   Thumb Code    18  stm32f10x_tim.o(.text)
    TIM_ITRxExternalClockConfig              0x08001e6f   Thumb Code    24  stm32f10x_tim.o(.text)
    TIM_TIxExternalClockConfig               0x08001e87   Thumb Code    62  stm32f10x_tim.o(.text)
    TIM_ETRConfig                            0x08001ec5   Thumb Code    28  stm32f10x_tim.o(.text)
    TIM_ETRClockMode1Config                  0x08001ee1   Thumb Code    54  stm32f10x_tim.o(.text)
    TIM_ETRClockMode2Config                  0x08001f17   Thumb Code    32  stm32f10x_tim.o(.text)
    TIM_PrescalerConfig                      0x08001f37   Thumb Code     6  stm32f10x_tim.o(.text)
    TIM_CounterModeConfig                    0x08001f3d   Thumb Code    18  stm32f10x_tim.o(.text)
    TIM_EncoderInterfaceConfig               0x08001f4f   Thumb Code    66  stm32f10x_tim.o(.text)
    TIM_ForcedOC1Config                      0x08001f91   Thumb Code    18  stm32f10x_tim.o(.text)
    TIM_ForcedOC2Config                      0x08001fa3   Thumb Code    26  stm32f10x_tim.o(.text)
    TIM_ForcedOC3Config                      0x08001fbd   Thumb Code    18  stm32f10x_tim.o(.text)
    TIM_ForcedOC4Config                      0x08001fcf   Thumb Code    26  stm32f10x_tim.o(.text)
    TIM_ARRPreloadConfig                     0x08001fe9   Thumb Code    24  stm32f10x_tim.o(.text)
    TIM_SelectCOM                            0x08002001   Thumb Code    24  stm32f10x_tim.o(.text)
    TIM_SelectCCDMA                          0x08002019   Thumb Code    24  stm32f10x_tim.o(.text)
    TIM_CCPreloadControl                     0x08002031   Thumb Code    24  stm32f10x_tim.o(.text)
    TIM_OC1PreloadConfig                     0x08002049   Thumb Code    18  stm32f10x_tim.o(.text)
    TIM_OC2PreloadConfig                     0x0800205b   Thumb Code    26  stm32f10x_tim.o(.text)
    TIM_OC3PreloadConfig                     0x08002075   Thumb Code    18  stm32f10x_tim.o(.text)
    TIM_OC4PreloadConfig                     0x08002087   Thumb Code    26  stm32f10x_tim.o(.text)
    TIM_OC1FastConfig                        0x080020a1   Thumb Code    18  stm32f10x_tim.o(.text)
    TIM_OC2FastConfig                        0x080020b3   Thumb Code    26  stm32f10x_tim.o(.text)
    TIM_OC3FastConfig                        0x080020cd   Thumb Code    18  stm32f10x_tim.o(.text)
    TIM_OC4FastConfig                        0x080020df   Thumb Code    26  stm32f10x_tim.o(.text)
    TIM_ClearOC1Ref                          0x080020f9   Thumb Code    18  stm32f10x_tim.o(.text)
    TIM_ClearOC2Ref                          0x0800210b   Thumb Code    24  stm32f10x_tim.o(.text)
    TIM_ClearOC3Ref                          0x08002123   Thumb Code    18  stm32f10x_tim.o(.text)
    TIM_ClearOC4Ref                          0x08002135   Thumb Code    24  stm32f10x_tim.o(.text)
    TIM_OC1PolarityConfig                    0x0800214d   Thumb Code    18  stm32f10x_tim.o(.text)
    TIM_OC1NPolarityConfig                   0x0800215f   Thumb Code    18  stm32f10x_tim.o(.text)
    TIM_OC2PolarityConfig                    0x08002171   Thumb Code    26  stm32f10x_tim.o(.text)
    TIM_OC2NPolarityConfig                   0x0800218b   Thumb Code    26  stm32f10x_tim.o(.text)
    TIM_OC3PolarityConfig                    0x080021a5   Thumb Code    26  stm32f10x_tim.o(.text)
    TIM_OC3NPolarityConfig                   0x080021bf   Thumb Code    26  stm32f10x_tim.o(.text)
    TIM_OC4PolarityConfig                    0x080021d9   Thumb Code    26  stm32f10x_tim.o(.text)
    TIM_CCxCmd                               0x080021f3   Thumb Code    30  stm32f10x_tim.o(.text)
    TIM_CCxNCmd                              0x08002211   Thumb Code    30  stm32f10x_tim.o(.text)
    TIM_SelectOCxM                           0x0800222f   Thumb Code    82  stm32f10x_tim.o(.text)
    TIM_UpdateDisableConfig                  0x08002281   Thumb Code    24  stm32f10x_tim.o(.text)
    TIM_UpdateRequestConfig                  0x08002299   Thumb Code    24  stm32f10x_tim.o(.text)
    TIM_SelectHallSensor                     0x080022b1   Thumb Code    24  stm32f10x_tim.o(.text)
    TIM_SelectOnePulseMode                   0x080022c9   Thumb Code    18  stm32f10x_tim.o(.text)
    TIM_SelectOutputTrigger                  0x080022db   Thumb Code    18  stm32f10x_tim.o(.text)
    TIM_SelectSlaveMode                      0x080022ed   Thumb Code    18  stm32f10x_tim.o(.text)
    TIM_SelectMasterSlaveMode                0x080022ff   Thumb Code    18  stm32f10x_tim.o(.text)
    TIM_SetCounter                           0x08002311   Thumb Code     4  stm32f10x_tim.o(.text)
    TIM_SetAutoreload                        0x08002315   Thumb Code     4  stm32f10x_tim.o(.text)
    TIM_SetCompare1                          0x08002319   Thumb Code     4  stm32f10x_tim.o(.text)
    TIM_SetCompare2                          0x0800231d   Thumb Code     4  stm32f10x_tim.o(.text)
    TIM_SetCompare3                          0x08002321   Thumb Code     4  stm32f10x_tim.o(.text)
    TIM_SetCompare4                          0x08002325   Thumb Code     6  stm32f10x_tim.o(.text)
    TIM_SetClockDivision                     0x0800232b   Thumb Code    18  stm32f10x_tim.o(.text)
    TIM_GetCapture1                          0x0800233d   Thumb Code     6  stm32f10x_tim.o(.text)
    TIM_GetCapture2                          0x08002343   Thumb Code     6  stm32f10x_tim.o(.text)
    TIM_GetCapture3                          0x08002349   Thumb Code     6  stm32f10x_tim.o(.text)
    TIM_GetCapture4                          0x0800234f   Thumb Code     8  stm32f10x_tim.o(.text)
    TIM_GetCounter                           0x08002357   Thumb Code     6  stm32f10x_tim.o(.text)
    TIM_GetPrescaler                         0x0800235d   Thumb Code     6  stm32f10x_tim.o(.text)
    TIM_GetFlagStatus                        0x08002363   Thumb Code    18  stm32f10x_tim.o(.text)
    TIM_ClearFlag                            0x08002375   Thumb Code     6  stm32f10x_tim.o(.text)
    TIM_GetITStatus                          0x0800237b   Thumb Code    34  stm32f10x_tim.o(.text)
    TIM_ClearITPendingBit                    0x0800239d   Thumb Code     6  stm32f10x_tim.o(.text)
    ADC_DeInit                               0x080023a5   Thumb Code    78  stm32f10x_adc.o(.text)
    ADC_Init                                 0x080023f3   Thumb Code    70  stm32f10x_adc.o(.text)
    ADC_StructInit                           0x08002439   Thumb Code    18  stm32f10x_adc.o(.text)
    ADC_Cmd                                  0x0800244b   Thumb Code    22  stm32f10x_adc.o(.text)
    ADC_DMACmd                               0x08002461   Thumb Code    22  stm32f10x_adc.o(.text)
    ADC_ITConfig                             0x08002477   Thumb Code    24  stm32f10x_adc.o(.text)
    ADC_ResetCalibration                     0x0800248f   Thumb Code    10  stm32f10x_adc.o(.text)
    ADC_GetResetCalibrationStatus            0x08002499   Thumb Code    20  stm32f10x_adc.o(.text)
    ADC_StartCalibration                     0x080024ad   Thumb Code    10  stm32f10x_adc.o(.text)
    ADC_GetCalibrationStatus                 0x080024b7   Thumb Code    20  stm32f10x_adc.o(.text)
    ADC_SoftwareStartConvCmd                 0x080024cb   Thumb Code    22  stm32f10x_adc.o(.text)
    ADC_GetSoftwareStartConvStatus           0x080024e1   Thumb Code    20  stm32f10x_adc.o(.text)
    ADC_DiscModeChannelCountConfig           0x080024f5   Thumb Code    24  stm32f10x_adc.o(.text)
    ADC_DiscModeCmd                          0x0800250d   Thumb Code    22  stm32f10x_adc.o(.text)
    ADC_RegularChannelConfig                 0x08002523   Thumb Code   184  stm32f10x_adc.o(.text)
    ADC_ExternalTrigConvCmd                  0x080025db   Thumb Code    22  stm32f10x_adc.o(.text)
    ADC_GetConversionValue                   0x080025f1   Thumb Code     8  stm32f10x_adc.o(.text)
    ADC_GetDualModeConversionValue           0x080025f9   Thumb Code     8  stm32f10x_adc.o(.text)
    ADC_AutoInjectedConvCmd                  0x08002601   Thumb Code    22  stm32f10x_adc.o(.text)
    ADC_InjectedDiscModeCmd                  0x08002617   Thumb Code    22  stm32f10x_adc.o(.text)
    ADC_ExternalTrigInjectedConvConfig       0x0800262d   Thumb Code    16  stm32f10x_adc.o(.text)
    ADC_ExternalTrigInjectedConvCmd          0x0800263d   Thumb Code    22  stm32f10x_adc.o(.text)
    ADC_SoftwareStartInjectedConvCmd         0x08002653   Thumb Code    22  stm32f10x_adc.o(.text)
    ADC_GetSoftwareStartInjectedConvCmdStatus 0x08002669   Thumb Code    20  stm32f10x_adc.o(.text)
    ADC_InjectedChannelConfig                0x0800267d   Thumb Code   130  stm32f10x_adc.o(.text)
    ADC_InjectedSequencerLengthConfig        0x080026ff   Thumb Code    24  stm32f10x_adc.o(.text)
    ADC_SetInjectedOffset                    0x08002717   Thumb Code    20  stm32f10x_adc.o(.text)
    ADC_GetInjectedConversionValue           0x0800272b   Thumb Code    28  stm32f10x_adc.o(.text)
    ADC_AnalogWatchdogCmd                    0x08002747   Thumb Code    16  stm32f10x_adc.o(.text)
    ADC_AnalogWatchdogThresholdsConfig       0x08002757   Thumb Code     6  stm32f10x_adc.o(.text)
    ADC_AnalogWatchdogSingleChannelConfig    0x0800275d   Thumb Code    16  stm32f10x_adc.o(.text)
    ADC_TempSensorVrefintCmd                 0x0800276d   Thumb Code    64  stm32f10x_adc.o(.text)
    ADC_GetFlagStatus                        0x080027ad   Thumb Code    18  stm32f10x_adc.o(.text)
    ADC_ClearFlag                            0x080027bf   Thumb Code     6  stm32f10x_adc.o(.text)
    ADC_GetITStatus                          0x080027c5   Thumb Code    36  stm32f10x_adc.o(.text)
    ADC_ClearITPendingBit                    0x080027e9   Thumb Code    10  stm32f10x_adc.o(.text)
    DMA_DeInit                               0x080027f5   Thumb Code   324  stm32f10x_dma.o(.text)
    DMA_Init                                 0x08002939   Thumb Code    60  stm32f10x_dma.o(.text)
    DMA_StructInit                           0x08002975   Thumb Code    26  stm32f10x_dma.o(.text)
    DMA_Cmd                                  0x0800298f   Thumb Code    24  stm32f10x_dma.o(.text)
    DMA_ITConfig                             0x080029a7   Thumb Code    18  stm32f10x_dma.o(.text)
    DMA_SetCurrDataCounter                   0x080029b9   Thumb Code     4  stm32f10x_dma.o(.text)
    DMA_GetCurrDataCounter                   0x080029bd   Thumb Code     8  stm32f10x_dma.o(.text)
    DMA_GetFlagStatus                        0x080029c5   Thumb Code    40  stm32f10x_dma.o(.text)
    DMA_ClearFlag                            0x080029ed   Thumb Code    22  stm32f10x_dma.o(.text)
    DMA_GetITStatus                          0x08002a03   Thumb Code    40  stm32f10x_dma.o(.text)
    DMA_ClearITPendingBit                    0x08002a2b   Thumb Code    22  stm32f10x_dma.o(.text)
    IWDG_WriteAccessCmd                      0x08002a49   Thumb Code     6  stm32f10x_iwdg.o(.text)
    IWDG_SetPrescaler                        0x08002a4f   Thumb Code     6  stm32f10x_iwdg.o(.text)
    IWDG_SetReload                           0x08002a55   Thumb Code     6  stm32f10x_iwdg.o(.text)
    IWDG_ReloadCounter                       0x08002a5b   Thumb Code    10  stm32f10x_iwdg.o(.text)
    IWDG_Enable                              0x08002a65   Thumb Code    10  stm32f10x_iwdg.o(.text)
    IWDG_GetFlagStatus                       0x08002a6f   Thumb Code    20  stm32f10x_iwdg.o(.text)
    PWR_DeInit                               0x08002a89   Thumb Code    22  stm32f10x_pwr.o(.text)
    PWR_BackupAccessCmd                      0x08002a9f   Thumb Code     6  stm32f10x_pwr.o(.text)
    PWR_PVDCmd                               0x08002aa5   Thumb Code     6  stm32f10x_pwr.o(.text)
    PWR_PVDLevelConfig                       0x08002aab   Thumb Code    18  stm32f10x_pwr.o(.text)
    PWR_WakeUpPinCmd                         0x08002abd   Thumb Code     8  stm32f10x_pwr.o(.text)
    PWR_EnterSTOPMode                        0x08002ac5   Thumb Code    54  stm32f10x_pwr.o(.text)
    PWR_EnterSTANDBYMode                     0x08002afb   Thumb Code    42  stm32f10x_pwr.o(.text)
    PWR_GetFlagStatus                        0x08002b25   Thumb Code    20  stm32f10x_pwr.o(.text)
    PWR_ClearFlag                            0x08002b39   Thumb Code    14  stm32f10x_pwr.o(.text)
    NMI_Handler                              0x08002b55   Thumb Code     2  stm32f10x_it.o(.text)
    HardFault_Handler                        0x08002b57   Thumb Code     4  stm32f10x_it.o(.text)
    MemManage_Handler                        0x08002b5b   Thumb Code     4  stm32f10x_it.o(.text)
    BusFault_Handler                         0x08002b5f   Thumb Code     4  stm32f10x_it.o(.text)
    UsageFault_Handler                       0x08002b63   Thumb Code     4  stm32f10x_it.o(.text)
    SVC_Handler                              0x08002b67   Thumb Code     2  stm32f10x_it.o(.text)
    DebugMon_Handler                         0x08002b69   Thumb Code     2  stm32f10x_it.o(.text)
    PendSV_Handler                           0x08002b6b   Thumb Code     2  stm32f10x_it.o(.text)
    SysTick_Handler                          0x08002b6d   Thumb Code     2  stm32f10x_it.o(.text)
    EXTI9_5_IRQHandler                       0x08002b6f   Thumb Code     2  stm32f10x_it.o(.text)
    USART1_IRQHandler                        0x08002b71   Thumb Code     2  stm32f10x_it.o(.text)
    SMG_data_update                          0x08002b75   Thumb Code    52  display.o(.text)
    ButtonMappingDisplay                     0x08002ba9   Thumb Code   194  display.o(.text)
    takeoffLED                               0x08002c6b   Thumb Code    68  display.o(.text)
    GetIntNumber                             0x08002caf   Thumb Code    22  display.o(.text)
    SMG_DisplayModeONE                       0x08002cc5   Thumb Code   320  display.o(.text)
    SMG_DisplayModeONE_Detect_AREA_HI        0x08002e05   Thumb Code   376  display.o(.text)
    SMG_DisplayModeONE_Detect_AREA_LO        0x08002f7d   Thumb Code   362  display.o(.text)
    SMG_DisplayModeTWO                       0x080030e7   Thumb Code   104  display.o(.text)
    SMG_DisplayModeTHIRD                     0x0800314f   Thumb Code   194  display.o(.text)
    SMG_DisplayModeDETECT                    0x08003211   Thumb Code    92  display.o(.text)
    SMG_DisplaSV                             0x0800326d   Thumb Code   232  display.o(.text)
    SMG_DisplayFSV                           0x08003355   Thumb Code   238  display.o(.text)
    SMG_DisplayMenuTwo_TOFF                  0x08003443   Thumb Code   118  display.o(.text)
    SMG_DisplayMenuTwo_OFFD                  0x080034b9   Thumb Code   116  display.o(.text)
    SMG_DisplayMenuTwo_OFFD_SET              0x0800352d   Thumb Code   402  display.o(.text)
    SMG_DisplayMenuTwo_ON_Delay              0x080036bf   Thumb Code   120  display.o(.text)
    SMG_DisplayMenuTwo_ON_Delay_SET          0x08003737   Thumb Code   436  display.o(.text)
    SMG_DisplayMenuTwo_SHOT                  0x080038eb   Thumb Code   122  display.o(.text)
    SMG_DisplayMenuTwo_SHOT_SET              0x08003965   Thumb Code   408  display.o(.text)
    SMG_DisplayMenuTwo_DEL                   0x08003afd   Thumb Code   118  display.o(.text)
    SMG_DisplayMenuTwo_DEL_SET               0x08003b73   Thumb Code   438  display.o(.text)
    SMG_DisplaySET_Step_1_Mode               0x08003d29   Thumb Code   384  display.o(.text)
    SMG_DisplaySET_Step_2_Mode               0x08003ea9   Thumb Code   408  display.o(.text)
    SMG_DisplayOUT_STATUS                    0x08004041   Thumb Code   288  display.o(.text)
    END_Display                              0x08004161   Thumb Code   114  display.o(.text)
    Dust_Display                             0x080041d3   Thumb Code    66  display.o(.text)
    ParameterDisplay                         0x08004215   Thumb Code    68  display.o(.text)
    SMG_DisplayATT100                        0x08004259   Thumb Code   328  display.o(.text)
    SMG_DisplayPERCENTAGE                    0x080043a1   Thumb Code   148  display.o(.text)
    SMG_DisplayMenuDSC                       0x08004435   Thumb Code    98  display.o(.text)
    SMG_Init                                 0x08004497   Thumb Code     2  display.o(.text)
    send_seg_RP0                             0x08004499   Thumb Code   206  display.o(.text)
    send_bit_RP1                             0x08004567   Thumb Code   222  display.o(.text)
    SMG_Diplay                               0x08004645   Thumb Code    82  display.o(.text)
    Button_Init                              0x080046bd   Thumb Code   242  key.o(.text)
    PressCallback                            0x080047af   Thumb Code   110  key.o(.text)
    ReadButtonStatus                         0x0800481d   Thumb Code    54  key.o(.text)
    Key_Scan                                 0x08004853   Thumb Code   364  key.o(.text)
    MenuTwo_OUT1_SHOT                        0x080049d5   Thumb Code   688  menu.o(.text)
    MenuTwo_OUT1_ON_D                        0x08004c85   Thumb Code   728  menu.o(.text)
    MenuTwo_OUT1_OFFD                        0x08004f5d   Thumb Code   730  menu.o(.text)
    MenuTwo_OUT1_TOFF                        0x08005237   Thumb Code    36  menu.o(.text)
    MenuTwo_OUT1_DelaySET                    0x0800525b   Thumb Code   562  menu.o(.text)
    MenuOne_FSV                              0x0800548d   Thumb Code   588  menu.o(.text)
    MenuOne_SV                               0x080056d9   Thumb Code   538  menu.o(.text)
    Menu_DSC                                 0x080058f3   Thumb Code   142  menu.o(.text)
    Menu_PERCENTAGE                          0x08005981   Thumb Code   616  menu.o(.text)
    MenuOne_ATT100                           0x08005be9   Thumb Code   616  menu.o(.text)
    menu                                     0x08005e51   Thumb Code   470  menu.o(.text)
    InitInternalFlash                        0x08006059   Thumb Code    32  flash.o(.text)
    WriteInternalFlash                       0x08006079   Thumb Code    36  flash.o(.text)
    EraseFlash                               0x0800609d   Thumb Code    88  flash.o(.text)
    WriteFlash                               0x080060f5   Thumb Code    58  flash.o(.text)
    ReadFlash                                0x0800612f   Thumb Code    44  flash.o(.text)
    ATTcalibration                           0x08006199   Thumb Code    28  selfstudy.o(.text)
    selfstudy                                0x080061b5   Thumb Code   238  selfstudy.o(.text)
    ATTSet                                   0x080062a3   Thumb Code    30  selfstudy.o(.text)
    JudgeSvalue                              0x080062c1   Thumb Code    88  selfstudy.o(.text)
    fputc                                    0x08006345   Thumb Code    32  main.o(.text)
    DelaymsSet                               0x08006365   Thumb Code    18  main.o(.text)
    TIM4_IRQHandler                          0x08006377   Thumb Code    22  main.o(.text)
    TIM2_IRQHandler                          0x0800638d   Thumb Code    56  main.o(.text)
    TIM1_BRK_UP_TRG_COM_IRQHandler           0x080063c5   Thumb Code    22  main.o(.text)
    TIM3_IRQHandler                          0x080063db   Thumb Code   206  main.o(.text)
    bsp_init                                 0x080064a9   Thumb Code    50  main.o(.text)
    ProgramCheck                             0x080064db   Thumb Code    80  main.o(.text)
    IWDG_Config                              0x0800652b   Thumb Code    46  main.o(.text)
    Formula_100                              0x08006559   Thumb Code   170  main.o(.text)
    FlashCheck                               0x08006603   Thumb Code    72  main.o(.text)
    main                                     0x0800664b   Thumb Code    40  main.o(.text)
    Formula_CRC16                            0x08006673   Thumb Code   114  main.o(.text)
    DeleteMaxAndMinGetAverage                0x08006759   Thumb Code    80  pg120.o(.text)
    GetSum                                   0x080067a9   Thumb Code    26  pg120.o(.text)
    GetAverage                               0x080067c3   Thumb Code    28  pg120.o(.text)
    ClearData                                0x080067df   Thumb Code    18  pg120.o(.text)
    CPV_SET_OUT                              0x080067f1   Thumb Code    94  pg120.o(.text)
    JudgeDX                                  0x0800684f   Thumb Code   294  pg120.o(.text)
    SetOUT1Status                            0x08006975   Thumb Code   310  pg120.o(.text)
    SetRegisterA                             0x08006aab   Thumb Code   262  pg120.o(.text)
    DMA1_Channel1_IRQHandler                 0x08006bb1   Thumb Code   892  pg120.o(.text)
    ADCDispalyProcess                        0x08006f2d   Thumb Code    34  pg120.o(.text)
    GetRegisterAState                        0x08006f4f   Thumb Code    32  pg120.o(.text)
    GetADCValue                              0x08006f6f   Thumb Code    14  pg120.o(.text)
    SetOUT3Status                            0x08006f7d   Thumb Code    60  pg120.o(.text)
    SetOUT2Status                            0x08006fb9   Thumb Code    60  pg120.o(.text)
    Test_Delay                               0x08006ff5   Thumb Code    22  pg120.o(.text)
    ResetParameter                           0x0800700b   Thumb Code   550  pg120.o(.text)
    ButtonMapping                            0x08007231   Thumb Code   382  pg120.o(.text)
    DEL_Set                                  0x080073af   Thumb Code   540  pg120.o(.text)
    DisplayModeFour                          0x080075cb   Thumb Code     8  pg120.o(.text)
    DisplayModeTHIRD                         0x080075d3   Thumb Code    24  pg120.o(.text)
    DisplayModeTWO                           0x080075eb   Thumb Code   136  pg120.o(.text)
    DisplayModeONE_STD                       0x08007673   Thumb Code   586  pg120.o(.text)
    DisplayModeONE_AREA                      0x080078bd   Thumb Code  1548  pg120.o(.text)
    DisplayModeONE                           0x08007ec9   Thumb Code    60  pg120.o(.text)
    DisplayMODE                              0x08007f05   Thumb Code   564  pg120.o(.text)
    ShortCircuitProtection                   0x08008139   Thumb Code   106  pg120.o(.text)
    GetEEPROM                                0x080081a3   Thumb Code   320  pg120.o(.text)
    PG120_Function                           0x080082e3   Thumb Code   158  pg120.o(.text)
    CheckDust                                0x08008381   Thumb Code    22  pg120.o(.text)
    RCC_Configuration                        0x080083e1   Thumb Code   102  bsp_init.o(.text)
    SMG_GPIO_INIT                            0x08008447   Thumb Code   532  bsp_init.o(.text)
    IO_GPIO_INIT                             0x0800865b   Thumb Code   170  bsp_init.o(.text)
    TIM4_init                                0x08008705   Thumb Code   106  bsp_init.o(.text)
    TIM3_init                                0x0800876f   Thumb Code   106  bsp_init.o(.text)
    TIM2_init                                0x080087d9   Thumb Code   342  bsp_init.o(.text)
    TIM1_Init                                0x0800892f   Thumb Code   204  bsp_init.o(.text)
    ADC1_GPIO_Config                         0x080089fb   Thumb Code    92  bsp_init.o(.text)
    ADC1_DMA1_Init                           0x08008a57   Thumb Code   132  bsp_init.o(.text)
    ADC1_Init                                0x08008adb   Thumb Code   196  bsp_init.o(.text)
    ADC1_Configuration                       0x08008b9f   Thumb Code    20  bsp_init.o(.text)
    __use_two_region_memory                  0x08008bc9   Thumb Code     2  heapauxi.o(.text)
    __rt_heap_escrow$2region                 0x08008bcb   Thumb Code     2  heapauxi.o(.text)
    __rt_heap_expand$2region                 0x08008bcd   Thumb Code     2  heapauxi.o(.text)
    __user_setup_stackheap                   0x08008bcf   Thumb Code    74  sys_stackheap_outer.o(.text)
    exit                                     0x08008c19   Thumb Code    12  exit.o(.text)
    __user_libspace                          0x08008c25   Thumb Code     8  libspace.o(.text)
    __user_perproc_libspace                  0x08008c25   Thumb Code     0  libspace.o(.text)
    __user_perthread_libspace                0x08008c25   Thumb Code     0  libspace.o(.text)
    _sys_exit                                0x08008c2d   Thumb Code     8  sys_exit.o(.text)
    __I$use$semihosting                      0x08008c39   Thumb Code     0  use_no_semi.o(.text)
    __use_no_semihosting_swi                 0x08008c39   Thumb Code     2  use_no_semi.o(.text)
    __semihosting_library_function           0x08008c3b   Thumb Code     0  indicate_semi.o(.text)
    data_SMG_bit_table                       0x08008c3a   Data          18  display.o(.constdata)
    data_SMG_seg_table                       0x08008c4c   Data          80  display.o(.constdata)
    Region$$Table$$Base                      0x08008c9c   Number         0  anon$$obj.o(Region$$Table)
    Region$$Table$$Limit                     0x08008cbc   Number         0  anon$$obj.o(Region$$Table)
    SystemCoreClock                          0x20000000   Data           4  system_stm32f10x.o(.data)
    AHBPrescTable                            0x20000004   Data          16  system_stm32f10x.o(.data)
    SMG_Data                                 0x20000028   Data           8  display.o(.data)
    SMG_D4_to_D1_bit                         0x20000030   Data           1  display.o(.data)
    SMG_D8_to_D5_bit                         0x20000031   Data           1  display.o(.data)
    SMG_BIT                                  0x20000032   Data           1  display.o(.data)
    SMG_D9_BIT                               0x20000033   Data           1  display.o(.data)
    SMG_D9_Decode_table                      0x20000034   Data           4  display.o(.data)
    SV                                       0x20000044   Data           4  menu.o(.data)
    FSV                                      0x20000048   Data           2  menu.o(.data)
    ATT100                                   0x2000004a   Data           2  menu.o(.data)
    PERCENTAGE                               0x2000004c   Data           1  menu.o(.data)
    DSC                                      0x2000004d   Data           1  menu.o(.data)
    OUT1_Mode                                0x20000050   Data           8  menu.o(.data)
    DispalyNo                                0x20000058   Data           1  menu.o(.data)
    OUT1_ModeFlashChannel                    0x20000064   Data           8  flash.o(.data)
    OUT1_ValueFlashChannel                   0x2000006c   Data           8  flash.o(.data)
    CSVFlashChannel                          0x20000074   Data           8  flash.o(.data)
    Threshold_ModeFlashChannel               0x2000007c   Data           8  flash.o(.data)
    DACOUT_ModeFlashChannel                  0x20000084   Data           8  flash.o(.data)
    KEY_ModeFlashChannel                     0x2000008c   Data           8  flash.o(.data)
    RegisterB_ModeFlashChannel               0x20000094   Data           8  flash.o(.data)
    DEL_ModeFlashChannel                     0x2000009c   Data           8  flash.o(.data)
    HI_ModeFlashChannel                      0x200000a4   Data           8  flash.o(.data)
    LO_ModeFlashChannel                      0x200000ac   Data           8  flash.o(.data)
    DETECT_ModeFlashChannel                  0x200000b4   Data           8  flash.o(.data)
    tempflashdata                            0x200000bc   Data           4  flash.o(.data)
    SelftStudyflag                           0x200000c0   Data           1  selfstudy.o(.data)
    ATTcalibrationFlag                       0x200000c1   Data           1  selfstudy.o(.data)
    selfDisplayEndFlay                       0x200000c2   Data           1  selfstudy.o(.data)
    SET1ADC_Value                            0x200000c4   Data           4  selfstudy.o(.data)
    CheckFLag                                0x200000c8   Data           1  main.o(.data)
    TIM1step                                 0x200000c9   Data           1  main.o(.data)
    timenum                                  0x200000cc   Data           4  main.o(.data)
    ProgramCounter                           0x200000d0   Data           4  main.o(.data)
    UID                                      0x200000d4   Data           4  main.o(.data)
    Fml_Constant                             0x200000d8   Data           4  main.o(.data)
    C                                        0x200000dc   Data           4  main.o(.data)
    FormulaResult                            0x200000e0   Data           4  main.o(.data)
    FormulaCheck                             0x200000e4   Data           4  main.o(.data)
    UIDFlashResult                           0x200000e8   Data           4  main.o(.data)
    Fml_CRC16                                0x200000ec   Data           2  main.o(.data)
    DealyBaseTime                            0x200000f0   Data           4  pg120.o(.data)
    DEL                                      0x200000f4   Data           2  pg120.o(.data)
    HI                                       0x200000f6   Data           2  pg120.o(.data)
    LO                                       0x200000f8   Data           2  pg120.o(.data)
    timeflag                                 0x200000fa   Data           1  pg120.o(.data)
    LastOUT1                                 0x200000fb   Data           1  pg120.o(.data)
    RegisterA                                0x200000fc   Data           1  pg120.o(.data)
    RegisterB                                0x200000fd   Data           1  pg120.o(.data)
    RegisterC                                0x200000fe   Data           1  pg120.o(.data)
    OUT1                                     0x200000ff   Data           1  pg120.o(.data)
    OUT2                                     0x20000100   Data           1  pg120.o(.data)
    OUT3                                     0x20000101   Data           1  pg120.o(.data)
    OUT2_TimerCounter                        0x20000102   Data           2  pg120.o(.data)
    OUT2_Timer                               0x20000104   Data           2  pg120.o(.data)
    OUT3_TimerCounter                        0x20000106   Data           2  pg120.o(.data)
    OUT3_Timer                               0x20000108   Data           2  pg120.o(.data)
    ADCRawValue                              0x2000010c   Data           4  pg120.o(.data)
    ADC_Display                              0x20000110   Data           4  pg120.o(.data)
    DACOUT                                   0x20000114   Data           4  pg120.o(.data)
    CPV                                      0x20000118   Data           4  pg120.o(.data)
    KEY                                      0x2000011c   Data           1  pg120.o(.data)
    ConfirmShortCircuit                      0x2000011d   Data           1  pg120.o(.data)
    ShortCircuitCounter                      0x20000120   Data           4  pg120.o(.data)
    ShortCircuitLastTime                     0x20000124   Data           4  pg120.o(.data)
    KeyMappingFlag                           0x20000128   Data           1  pg120.o(.data)
    EventFlag                                0x20000129   Data           1  pg120.o(.data)
    ShortCircuit                             0x2000012a   Data           1  pg120.o(.data)
    ShortCircuitTimer                        0x2000012c   Data           4  pg120.o(.data)
    displayModeONE_FLAG                      0x20000130   Data           1  pg120.o(.data)
    DisplayModeNo                            0x20000131   Data           1  pg120.o(.data)
    DustFlag                                 0x20000132   Data           1  pg120.o(.data)
    S_Index                                  0x20000133   Data           1  pg120.o(.data)
    S_Flag                                   0x20000134   Data           1  pg120.o(.data)
    SX_Flag                                  0x20000135   Data           1  pg120.o(.data)
    SX_Index                                 0x20000136   Data           1  pg120.o(.data)
    S_Final                                  0x20000138   Data           4  pg120.o(.data)
    S_Final_FinishFlag                       0x2000013c   Data           1  pg120.o(.data)
    S32                                      0x20000140   Data           4  pg120.o(.data)
    S32_Flag                                 0x20000144   Data           1  pg120.o(.data)
    S_SET                                    0x20000148   Data           4  pg120.o(.data)
    S_Selft                                  0x2000014c   Data           4  pg120.o(.data)
    Threshold                                0x20000150   Data           2  pg120.o(.data)
    DX                                       0x20000152   Data           2  pg120.o(.data)
    Last_DX                                  0x20000154   Data           2  pg120.o(.data)
    Min_DX                                   0x20000156   Data           2  pg120.o(.data)
    DX_Flag                                  0x20000158   Data           1  pg120.o(.data)
    TX_Index                                 0x20000159   Data           1  pg120.o(.data)
    TX                                       0x2000015c   Data           4  pg120.o(.data)
    FX                                       0x20000160   Data           2  pg120.o(.data)
    Display_Signal_Index                     0x20000164   Data           4  pg120.o(.data)
    Display_Signal_Flag                      0x20000168   Data           4  pg120.o(.data)
    DisplayADCValue_Sum                      0x2000016c   Data           4  pg120.o(.data)
    PWMCounter                               0x20000170   Data           1  pg120.o(.data)
    S1024                                    0x20000174   Data           4  pg120.o(.data)
    S1024_Index                              0x20000178   Data           2  pg120.o(.data)
    S1024_Sum                                0x2000017c   Data           4  pg120.o(.data)
    Runflag                                  0x20000180   Data           1  pg120.o(.data)
    RunIndex                                 0x20000181   Data           1  pg120.o(.data)
    LastDSC                                  0x20000182   Data           1  pg120.o(.data)
    tempPress                                0x20000184   Data           4  pg120.o(.data)
    SHOTflag                                 0x20000188   Data           1  pg120.o(.data)
    ProgramRUNcounter                        0x2000018c   Data           4  pg120.o(.data)
    adc_dma_tab                              0x2000019c   Data           8  bsp_init.o(.data)
    SMG_data_Decode_table                    0x200001a4   Data           9  display.o(.bss)
    SetButton                                0x200001b0   Data          32  key.o(.bss)
    ModeButton                               0x200001d0   Data          32  key.o(.bss)
    UpButton                                 0x200001f0   Data          32  key.o(.bss)
    DownButton                               0x20000210   Data          32  key.o(.bss)
    SysClock                                 0x20000230   Data          20  main.o(.bss)
    D                                        0x20000244   Data          12  main.o(.bss)
    S                                        0x20000250   Data          16  pg120.o(.bss)
    SX                                       0x20000260   Data          16  pg120.o(.bss)
    SX_Final                                 0x20000270   Data         128  pg120.o(.bss)
    TX_Signal                                0x200002f0   Data          32  pg120.o(.bss)
    Display_Signal                           0x20000310   Data        1024  pg120.o(.bss)
    RunCounter                               0x20000710   Data         200  pg120.o(.bss)
    __libspace_start                         0x200007d8   Data          96  libspace.o(.bss)
    __temporary_stack_top$libspace           0x20000838   Data           0  libspace.o(.bss)



==============================================================================

Memory Map of the image

  Image Entry point : 0x080000ed

  Load Region LR_IROM1 (Base: 0x08000000, Size: 0x00008e60, Max: 0x00010000, ABSOLUTE, COMPRESSED[0x00008d10])

    Execution Region ER_IROM1 (Base: 0x08000000, Size: 0x00008cbc, Max: 0x00010000, ABSOLUTE)

    Base Addr    Size         Type   Attr      Idx    E Section Name        Object

    0x08000000   0x000000ec   Data   RO           59    RESET               startup_stm32f10x_md.o
    0x080000ec   0x00000008   Code   RO          487  * !!!main             c_w.l(__main.o)
    0x080000f4   0x00000034   Code   RO          645    !!!scatter          c_w.l(__scatter.o)
    0x08000128   0x0000005a   Code   RO          643    !!dczerorl2         c_w.l(__dczerorl2.o)
    0x08000182   0x00000002   PAD
    0x08000184   0x0000001c   Code   RO          647    !!handler_zi        c_w.l(__scatter_zi.o)
    0x080001a0   0x00000002   Code   RO          514    .ARM.Collect$$libinit$$00000000  c_w.l(libinit.o)
    0x080001a2   0x00000000   Code   RO          521    .ARM.Collect$$libinit$$00000002  c_w.l(libinit2.o)
    0x080001a2   0x00000000   Code   RO          523    .ARM.Collect$$libinit$$00000004  c_w.l(libinit2.o)
    0x080001a2   0x00000000   Code   RO          526    .ARM.Collect$$libinit$$0000000A  c_w.l(libinit2.o)
    0x080001a2   0x00000000   Code   RO          528    .ARM.Collect$$libinit$$0000000C  c_w.l(libinit2.o)
    0x080001a2   0x00000000   Code   RO          530    .ARM.Collect$$libinit$$0000000E  c_w.l(libinit2.o)
    0x080001a2   0x00000000   Code   RO          533    .ARM.Collect$$libinit$$00000011  c_w.l(libinit2.o)
    0x080001a2   0x00000000   Code   RO          535    .ARM.Collect$$libinit$$00000013  c_w.l(libinit2.o)
    0x080001a2   0x00000000   Code   RO          537    .ARM.Collect$$libinit$$00000015  c_w.l(libinit2.o)
    0x080001a2   0x00000000   Code   RO          539    .ARM.Collect$$libinit$$00000017  c_w.l(libinit2.o)
    0x080001a2   0x00000000   Code   RO          541    .ARM.Collect$$libinit$$00000019  c_w.l(libinit2.o)
    0x080001a2   0x00000000   Code   RO          543    .ARM.Collect$$libinit$$0000001B  c_w.l(libinit2.o)
    0x080001a2   0x00000000   Code   RO          545    .ARM.Collect$$libinit$$0000001D  c_w.l(libinit2.o)
    0x080001a2   0x00000000   Code   RO          547    .ARM.Collect$$libinit$$0000001F  c_w.l(libinit2.o)
    0x080001a2   0x00000000   Code   RO          549    .ARM.Collect$$libinit$$00000021  c_w.l(libinit2.o)
    0x080001a2   0x00000000   Code   RO          551    .ARM.Collect$$libinit$$00000023  c_w.l(libinit2.o)
    0x080001a2   0x00000000   Code   RO          553    .ARM.Collect$$libinit$$00000025  c_w.l(libinit2.o)
    0x080001a2   0x00000000   Code   RO          557    .ARM.Collect$$libinit$$0000002C  c_w.l(libinit2.o)
    0x080001a2   0x00000000   Code   RO          559    .ARM.Collect$$libinit$$0000002E  c_w.l(libinit2.o)
    0x080001a2   0x00000000   Code   RO          561    .ARM.Collect$$libinit$$00000030  c_w.l(libinit2.o)
    0x080001a2   0x00000000   Code   RO          563    .ARM.Collect$$libinit$$00000032  c_w.l(libinit2.o)
    0x080001a2   0x00000002   Code   RO          564    .ARM.Collect$$libinit$$00000033  c_w.l(libinit2.o)
    0x080001a4   0x00000002   Code   RO          584    .ARM.Collect$$libshutdown$$00000000  c_w.l(libshutdown.o)
    0x080001a6   0x00000000   Code   RO          598    .ARM.Collect$$libshutdown$$00000003  c_w.l(libshutdown2.o)
    0x080001a6   0x00000000   Code   RO          601    .ARM.Collect$$libshutdown$$00000006  c_w.l(libshutdown2.o)
    0x080001a6   0x00000000   Code   RO          604    .ARM.Collect$$libshutdown$$00000009  c_w.l(libshutdown2.o)
    0x080001a6   0x00000000   Code   RO          606    .ARM.Collect$$libshutdown$$0000000B  c_w.l(libshutdown2.o)
    0x080001a6   0x00000000   Code   RO          609    .ARM.Collect$$libshutdown$$0000000E  c_w.l(libshutdown2.o)
    0x080001a6   0x00000002   Code   RO          610    .ARM.Collect$$libshutdown$$0000000F  c_w.l(libshutdown2.o)
    0x080001a8   0x00000000   Code   RO          489    .ARM.Collect$$rtentry$$00000000  c_w.l(__rtentry.o)
    0x080001a8   0x00000000   Code   RO          491    .ARM.Collect$$rtentry$$00000002  c_w.l(__rtentry2.o)
    0x080001a8   0x00000006   Code   RO          503    .ARM.Collect$$rtentry$$00000004  c_w.l(__rtentry4.o)
    0x080001ae   0x00000000   Code   RO          493    .ARM.Collect$$rtentry$$00000009  c_w.l(__rtentry2.o)
    0x080001ae   0x00000004   Code   RO          494    .ARM.Collect$$rtentry$$0000000A  c_w.l(__rtentry2.o)
    0x080001b2   0x00000000   Code   RO          496    .ARM.Collect$$rtentry$$0000000C  c_w.l(__rtentry2.o)
    0x080001b2   0x00000008   Code   RO          497    .ARM.Collect$$rtentry$$0000000D  c_w.l(__rtentry2.o)
    0x080001ba   0x00000002   Code   RO          518    .ARM.Collect$$rtexit$$00000000  c_w.l(rtexit.o)
    0x080001bc   0x00000000   Code   RO          566    .ARM.Collect$$rtexit$$00000002  c_w.l(rtexit2.o)
    0x080001bc   0x00000004   Code   RO          567    .ARM.Collect$$rtexit$$00000003  c_w.l(rtexit2.o)
    0x080001c0   0x00000006   Code   RO          568    .ARM.Collect$$rtexit$$00000004  c_w.l(rtexit2.o)
    0x080001c6   0x00000002   PAD
    0x080001c8   0x000001e0   Code   RO           17    .text               system_stm32f10x.o
    0x080003a8   0x00000040   Code   RO           60    .text               startup_stm32f10x_md.o
    0x080003e8   0x000003a4   Code   RO           64    .text               stm32f10x_rcc.o
    0x0800078c   0x00000408   Code   RO           82    .text               stm32f10x_usart.o
    0x08000b94   0x0000035c   Code   RO           94    .text               stm32f10x_gpio.o
    0x08000ef0   0x000000dc   Code   RO          106    .text               misc.o
    0x08000fcc   0x000005bc   Code   RO          118    .text               stm32f10x_flash.o
    0x08001588   0x00000e1a   Code   RO          133    .text               stm32f10x_tim.o
    0x080023a2   0x00000002   PAD
    0x080023a4   0x0000044e   Code   RO          148    .text               stm32f10x_adc.o
    0x080027f2   0x00000002   PAD
    0x080027f4   0x00000254   Code   RO          163    .text               stm32f10x_dma.o
    0x08002a48   0x00000040   Code   RO          208    .text               stm32f10x_iwdg.o
    0x08002a88   0x000000cc   Code   RO          223    .text               stm32f10x_pwr.o
    0x08002b54   0x0000001e   Code   RO          277    .text               stm32f10x_it.o
    0x08002b72   0x00000002   PAD
    0x08002b74   0x00001b48   Code   RO          296    .text               display.o
    0x080046bc   0x00000318   Code   RO          325    .text               key.o
    0x080049d4   0x00001684   Code   RO          346    .text               menu.o
    0x08006058   0x00000140   Code   RO          379    .text               flash.o
    0x08006198   0x000001ac   Code   RO          394    .text               selfstudy.o
    0x08006344   0x00000414   Code   RO          413    .text               main.o
    0x08006758   0x00001c88   Code   RO          441    .text               pg120.o
    0x080083e0   0x000007e8   Code   RO          462    .text               bsp_init.o
    0x08008bc8   0x00000006   Code   RO          485    .text               c_w.l(heapauxi.o)
    0x08008bce   0x0000004a   Code   RO          505    .text               c_w.l(sys_stackheap_outer.o)
    0x08008c18   0x0000000c   Code   RO          507    .text               c_w.l(exit.o)
    0x08008c24   0x00000008   Code   RO          515    .text               c_w.l(libspace.o)
    0x08008c2c   0x0000000c   Code   RO          576    .text               c_w.l(sys_exit.o)
    0x08008c38   0x00000002   Code   RO          587    .text               c_w.l(use_no_semi.o)
    0x08008c3a   0x00000000   Code   RO          589    .text               c_w.l(indicate_semi.o)
    0x08008c3a   0x00000062   Data   RO          298    .constdata          display.o
    0x08008c9c   0x00000020   Data   RO          641    Region$$Table       anon$$obj.o


    Execution Region RW_IRAM1 (Base: 0x20000000, Size: 0x00000e38, Max: 0x00005000, ABSOLUTE, COMPRESSED[0x00000054])

    Base Addr    Size         Type   Attr      Idx    E Section Name        Object

    0x20000000   0x00000014   Data   RW           18    .data               system_stm32f10x.o
    0x20000014   0x00000014   Data   RW           65    .data               stm32f10x_rcc.o
    0x20000028   0x0000001b   Data   RW          299    .data               display.o
    0x20000043   0x00000001   PAD
    0x20000044   0x0000001f   Data   RW          347    .data               menu.o
    0x20000063   0x00000001   PAD
    0x20000064   0x0000005c   Data   RW          380    .data               flash.o
    0x200000c0   0x00000008   Data   RW          395    .data               selfstudy.o
    0x200000c8   0x00000026   Data   RW          415    .data               main.o
    0x200000ee   0x00000002   PAD
    0x200000f0   0x000000ac   Data   RW          443    .data               pg120.o
    0x2000019c   0x00000008   Data   RW          463    .data               bsp_init.o
    0x200001a4   0x00000009   Zero   RW          297    .bss                display.o
    0x200001ad   0x00000003   PAD
    0x200001b0   0x00000080   Zero   RW          326    .bss                key.o
    0x20000230   0x00000020   Zero   RW          414    .bss                main.o
    0x20000250   0x00000588   Zero   RW          442    .bss                pg120.o
    0x200007d8   0x00000060   Zero   RW          516    .bss                c_w.l(libspace.o)
    0x20000838   0x00000200   Zero   RW           58    HEAP                startup_stm32f10x_md.o
    0x20000a38   0x00000400   Zero   RW           57    STACK               startup_stm32f10x_md.o


==============================================================================

Image component sizes


      Code (inc. data)   RO Data    RW Data    ZI Data      Debug   Object Name

      2024         50          0          8          0       4002   bsp_init.o
         0          0          0          0          0       4536   core_cm3.o
      6984        158         98         27          9      17077   display.o
       320         62          0         92          0       2304   flash.o
       792         22          0          0        128       3261   key.o
      1044        116          0         38         32       5828   main.o
      5764        278          0         31          0       7863   menu.o
       220         22          0          0          0       1881   misc.o
      7304        846          0        172       1416      14445   pg120.o
       428         44          0          8          0       2467   selfstudy.o
        64         26        236          0       1536        896   startup_stm32f10x_md.o
      1102         26          0          0          0      20029   stm32f10x_adc.o
       596          8          0          0          0      14310   stm32f10x_dma.o
      1468         34          0          0          0      14522   stm32f10x_flash.o
       860         38          0          0          0       5725   stm32f10x_gpio.o
        30          0          0          0          0       1415   stm32f10x_it.o
        64          6          0          0          0       1293   stm32f10x_iwdg.o
       204         14          0          0          0       1947   stm32f10x_pwr.o
       932         36          0         20          0       8900   stm32f10x_rcc.o
      3610         88          0          0          0      42636   stm32f10x_tim.o
      1032         22          0          0          0       8448   stm32f10x_usart.o
       480         38          0         20          0     228935   system_stm32f10x.o

    ----------------------------------------------------------------------
     35328       1934        366        420       3124     412720   Object Totals
         0          0         32          0          0          0   (incl. Generated)
         6          0          0          4          3          0   (incl. Padding)

    ----------------------------------------------------------------------

      Code (inc. data)   RO Data    RW Data    ZI Data      Debug   Library Member Name

        90          0          0          0          0          0   __dczerorl2.o
         8          0          0          0          0         68   __main.o
         0          0          0          0          0          0   __rtentry.o
        12          0          0          0          0          0   __rtentry2.o
         6          0          0          0          0          0   __rtentry4.o
        52          8          0          0          0          0   __scatter.o
        28          0          0          0          0          0   __scatter_zi.o
        12          0          0          0          0         72   exit.o
         6          0          0          0          0        152   heapauxi.o
         0          0          0          0          0          0   indicate_semi.o
         2          0          0          0          0          0   libinit.o
         2          0          0          0          0          0   libinit2.o
         2          0          0          0          0          0   libshutdown.o
         2          0          0          0          0          0   libshutdown2.o
         8          4          0          0         96         68   libspace.o
         2          0          0          0          0          0   rtexit.o
        10          0          0          0          0          0   rtexit2.o
        12          4          0          0          0         68   sys_exit.o
        74          0          0          0          0         80   sys_stackheap_outer.o
         2          0          0          0          0         68   use_no_semi.o

    ----------------------------------------------------------------------
       334         16          0          0         96        576   Library Totals
         4          0          0          0          0          0   (incl. Padding)

    ----------------------------------------------------------------------

      Code (inc. data)   RO Data    RW Data    ZI Data      Debug   Library Name

       330         16          0          0         96        576   c_w.l

    ----------------------------------------------------------------------
       334         16          0          0         96        576   Library Totals

    ----------------------------------------------------------------------

==============================================================================


      Code (inc. data)   RO Data    RW Data    ZI Data      Debug   

     35662       1950        366        420       3220     410796   Grand Totals
     35662       1950        366         84       3220     410796   ELF Image Totals (compressed)
     35662       1950        366         84          0          0   ROM Totals

==============================================================================

    Total RO  Size (Code + RO Data)                36028 (  35.18kB)
    Total RW  Size (RW Data + ZI Data)              3640 (   3.55kB)
    Total ROM Size (Code + RO Data + RW Data)      36112 (  35.27kB)

==============================================================================

